2026-03-01T00:32:40.762-03:00  INFO 32624 --- [msclientes] [restartedMain] c.g.d.msclientes.MsclientesApplication   : Starting MsclientesApplication using Java 21.0.7 with PID 32624 (C:\Users\joanb\OneDrive\Área de Trabalho\Projetos\microservicos\avaliadordecredito\msclientes\target\classes started by joanb in C:\Users\joanb\OneDrive\Área de Trabalho\Projetos\microservicos\avaliadordecredito)
2026-03-01T00:32:40.764-03:00  INFO 32624 --- [msclientes] [restartedMain] c.g.d.msclientes.MsclientesApplication   : The following 1 profile is active: "dev"
2026-03-01T00:32:40.814-03:00  INFO 32624 --- [msclientes] [restartedMain] .e.DevToolsPropertyDefaultsPostProcessor : Devtools property defaults active! Set 'spring.devtools.add-properties' to 'false' to disable
2026-03-01T00:32:40.814-03:00  INFO 32624 --- [msclientes] [restartedMain] .e.DevToolsPropertyDefaultsPostProcessor : For additional web related logging consider setting the 'logging.level.web' property to 'DEBUG'
2026-03-01T00:32:41.719-03:00  INFO 32624 --- [msclientes] [restartedMain] .s.d.r.c.RepositoryConfigurationDelegate : Bootstrapping Spring Data JPA repositories in DEFAULT mode.
2026-03-01T00:32:41.812-03:00  INFO 32624 --- [msclientes] [restartedMain] .s.d.r.c.RepositoryConfigurationDelegate : Finished Spring Data repository scanning in 88 ms. Found 1 JPA repository interface.
2026-03-01T00:32:42.018-03:00  INFO 32624 --- [msclientes] [restartedMain] o.s.cloud.context.scope.GenericScope     : BeanFactory id=80174230-236b-355f-99c1-5d5df1940004
2026-03-01T00:32:42.292-03:00  WARN 32624 --- [msclientes] [restartedMain] trationDelegate$BeanPostProcessorChecker : Bean 'org.springframework.cloud.client.loadbalancer.LoadBalancerAutoConfiguration$DeferringLoadBalancerInterceptorConfig' of type [org.springframework.cloud.client.loadbalancer.LoadBalancerAutoConfiguration$DeferringLoadBalancerInterceptorConfig] is not eligible for getting processed by all BeanPostProcessors (for example: not eligible for auto-proxying). The currently created BeanPostProcessor [lbRestClientPostProcessor] is declared through a non-static factory method on that class; consider declaring it as static instead.
2026-03-01T00:32:42.295-03:00  WARN 32624 --- [msclientes] [restartedMain] trationDelegate$BeanPostProcessorChecker : Bean 'deferringLoadBalancerInterceptor' of type [org.springframework.cloud.client.loadbalancer.DeferringLoadBalancerInterceptor] is not eligible for getting processed by all BeanPostProcessors (for example: not eligible for auto-proxying). Is this bean getting eagerly injected into a currently created BeanPostProcessor [lbRestClientPostProcessor]? Check the corresponding BeanPostProcessor declaration and its dependencies.
2026-03-01T00:32:42.762-03:00  INFO 32624 --- [msclientes] [restartedMain] o.s.b.w.embedded.tomcat.TomcatWebServer  : Tomcat initialized with port 0 (http)
2026-03-01T00:32:42.775-03:00  INFO 32624 --- [msclientes] [restartedMain] o.apache.catalina.core.StandardService   : Starting service [Tomcat]
2026-03-01T00:32:42.775-03:00  INFO 32624 --- [msclientes] [restartedMain] o.apache.catalina.core.StandardEngine    : Starting Servlet engine: [Apache Tomcat/10.1.30]
2026-03-01T00:32:42.835-03:00  INFO 32624 --- [msclientes] [restartedMain] o.a.c.c.C.[Tomcat].[localhost].[/]       : Initializing Spring embedded WebApplicationContext
2026-03-01T00:32:42.836-03:00  INFO 32624 --- [msclientes] [restartedMain] w.s.c.ServletWebServerApplicationContext : Root WebApplicationContext: initialization completed in 2020 ms
2026-03-01T00:32:43.038-03:00  INFO 32624 --- [msclientes] [restartedMain] com.zaxxer.hikari.HikariDataSource       : HikariPool-1 - Starting...
2026-03-01T00:32:43.230-03:00  INFO 32624 --- [msclientes] [restartedMain] com.zaxxer.hikari.pool.HikariPool        : HikariPool-1 - Added connection conn0: url=jdbc:h2:mem:dbinmemory user=SA
2026-03-01T00:32:43.232-03:00  INFO 32624 --- [msclientes] [restartedMain] com.zaxxer.hikari.HikariDataSource       : HikariPool-1 - Start completed.
2026-03-01T00:32:43.242-03:00  INFO 32624 --- [msclientes] [restartedMain] o.s.b.a.h2.H2ConsoleAutoConfiguration    : H2 console available at '/h2-console'. Database available at 'jdbc:h2:mem:dbinmemory'
2026-03-01T00:32:43.627-03:00  INFO 32624 --- [msclientes] [restartedMain] o.hibernate.jpa.internal.util.LogHelper  : HHH000204: Processing PersistenceUnitInfo [name: default]
2026-03-01T00:32:43.735-03:00  INFO 32624 --- [msclientes] [restartedMain] org.hibernate.Version                    : HHH000412: Hibernate ORM core version 6.5.3.Final
2026-03-01T00:32:43.778-03:00  INFO 32624 --- [msclientes] [restartedMain] o.h.c.internal.RegionFactoryInitiator    : HHH000026: Second-level cache disabled
2026-03-01T00:32:43.984-03:00  INFO 32624 --- [msclientes] [restartedMain] o.s.o.j.p.SpringPersistenceUnitInfo      : No LoadTimeWeaver setup: ignoring JPA class transformer
2026-03-01T00:32:44.516-03:00  INFO 32624 --- [msclientes] [restartedMain] o.h.e.t.j.p.i.JtaPlatformInitiator       : HHH000489: No JTA platform available (set 'hibernate.transaction.jta.platform' to enable JTA platform integration)
2026-03-01T00:32:44.551-03:00  INFO 32624 --- [msclientes] [restartedMain] j.LocalContainerEntityManagerFactoryBean : Initialized JPA EntityManagerFactory for persistence unit 'default'
2026-03-01T00:32:44.894-03:00  WARN 32624 --- [msclientes] [restartedMain] JpaBaseConfiguration$JpaWebConfiguration : spring.jpa.open-in-view is enabled by default. Therefore, database queries may be performed during view rendering. Explicitly configure spring.jpa.open-in-view to disable this warning
2026-03-01T00:32:46.270-03:00  WARN 32624 --- [msclientes] [restartedMain] o.s.b.d.a.OptionalLiveReloadServer       : Unable to start LiveReload server
2026-03-01T00:32:46.291-03:00  INFO 32624 --- [msclientes] [restartedMain] DiscoveryClientOptionalArgsConfiguration : Eureka HTTP Client uses RestTemplate.
2026-03-01T00:32:46.325-03:00  WARN 32624 --- [msclientes] [restartedMain] iguration$LoadBalancerCaffeineWarnLogger : Spring Cloud LoadBalancer is currently working with the default cache. While this cache implementation is useful for development and tests, it's recommended to use Caffeine cache in production.You can switch to using Caffeine cache, by adding it and org.springframework.cache.caffeine.CaffeineCacheManager to the classpath.
2026-03-01T00:32:46.332-03:00  INFO 32624 --- [msclientes] [restartedMain] o.s.b.a.e.web.EndpointLinksResolver      : Exposing 18 endpoints beneath base path '/actuator'
2026-03-01T00:32:46.401-03:00  INFO 32624 --- [msclientes] [restartedMain] o.s.b.w.embedded.tomcat.TomcatWebServer  : Tomcat started on port 54687 (http) with context path '/'
2026-03-01T00:32:46.402-03:00  INFO 32624 --- [msclientes] [restartedMain] .s.c.n.e.s.EurekaAutoServiceRegistration : Updating port to 54687
2026-03-01T00:32:46.406-03:00  INFO 32624 --- [msclientes] [restartedMain] o.s.c.n.eureka.InstanceInfoFactory       : Setting initial instance status as: STARTING
2026-03-01T00:32:46.483-03:00  INFO 32624 --- [msclientes] [restartedMain] com.netflix.discovery.DiscoveryClient    : Initializing Eureka in region us-east-1
2026-03-01T00:32:46.487-03:00  INFO 32624 --- [msclientes] [restartedMain] c.n.d.s.r.aws.ConfigClusterResolver      : Resolving eureka endpoints via configuration
2026-03-01T00:32:46.506-03:00  INFO 32624 --- [msclientes] [restartedMain] com.netflix.discovery.DiscoveryClient    : Disable delta property : false
2026-03-01T00:32:46.506-03:00  INFO 32624 --- [msclientes] [restartedMain] com.netflix.discovery.DiscoveryClient    : Single vip registry refresh property : null
2026-03-01T00:32:46.506-03:00  INFO 32624 --- [msclientes] [restartedMain] com.netflix.discovery.DiscoveryClient    : Force full registry fetch : false
2026-03-01T00:32:46.506-03:00  INFO 32624 --- [msclientes] [restartedMain] com.netflix.discovery.DiscoveryClient    : Application is null : false
2026-03-01T00:32:46.506-03:00  INFO 32624 --- [msclientes] [restartedMain] com.netflix.discovery.DiscoveryClient    : Registered Applications size is zero : true
2026-03-01T00:32:46.506-03:00  INFO 32624 --- [msclientes] [restartedMain] com.netflix.discovery.DiscoveryClient    : Application version is -1: true
2026-03-01T00:32:46.507-03:00  INFO 32624 --- [msclientes] [restartedMain] com.netflix.discovery.DiscoveryClient    : Getting all instance registry info from the eureka server
2026-03-01T00:32:46.799-03:00  INFO 32624 --- [msclientes] [restartedMain] com.netflix.discovery.DiscoveryClient    : The response status is 200
2026-03-01T00:32:46.800-03:00  INFO 32624 --- [msclientes] [restartedMain] com.netflix.discovery.DiscoveryClient    : Starting heartbeat executor: renew interval is: 30
2026-03-01T00:32:46.802-03:00  INFO 32624 --- [msclientes] [restartedMain] c.n.discovery.InstanceInfoReplicator     : InstanceInfoReplicator onDemand update allowed rate per min is 4
2026-03-01T00:32:46.805-03:00  INFO 32624 --- [msclientes] [restartedMain] com.netflix.discovery.DiscoveryClient    : Discovery Client initialized at timestamp 1772335966804 with initial instances count: 2
2026-03-01T00:32:46.808-03:00  INFO 32624 --- [msclientes] [restartedMain] o.s.c.n.e.s.EurekaServiceRegistry        : Registering application MSCLIENTES with eureka with status UP
2026-03-01T00:32:46.809-03:00  INFO 32624 --- [msclientes] [restartedMain] com.netflix.discovery.DiscoveryClient    : Saw local status change event StatusChangeEvent [timestamp=1772335966809, current=UP, previous=STARTING]
2026-03-01T00:32:46.810-03:00  INFO 32624 --- [msclientes] [DiscoveryClient-InstanceInfoReplicator-0] com.netflix.discovery.DiscoveryClient    : DiscoveryClient_MSCLIENTES/msclientes:fc66ebc911165881dd45efe1a2ef282b: registering service...
2026-03-01T00:32:46.823-03:00  INFO 32624 --- [msclientes] [restartedMain] c.g.d.msclientes.MsclientesApplication   : Started MsclientesApplication in 6.468 seconds (process running for 6.902)
2026-03-01T00:32:46.896-03:00  INFO 32624 --- [msclientes] [DiscoveryClient-InstanceInfoReplicator-0] com.netflix.discovery.DiscoveryClient    : DiscoveryClient_MSCLIENTES/msclientes:fc66ebc911165881dd45efe1a2ef282b - registration status: 204
2026-03-01T00:33:01.036-03:00  INFO 21744 --- [msavaliadorcredito] [restartedMain] c.g.d.m.MsavaliadorcreditoApplication    : Starting MsavaliadorcreditoApplication using Java 21.0.7 with PID 21744 (C:\Users\joanb\OneDrive\Área de Trabalho\Projetos\microservicos\avaliadordecredito\msavaliadorcredito\target\classes started by joanb in C:\Users\joanb\OneDrive\Área de Trabalho\Projetos\microservicos\avaliadordecredito)
2026-03-01T00:33:01.038-03:00  INFO 21744 --- [msavaliadorcredito] [restartedMain] c.g.d.m.MsavaliadorcreditoApplication    : The following 1 profile is active: "dev"
2026-03-01T00:33:01.118-03:00  INFO 21744 --- [msavaliadorcredito] [restartedMain] .e.DevToolsPropertyDefaultsPostProcessor : Devtools property defaults active! Set 'spring.devtools.add-properties' to 'false' to disable
2026-03-01T00:33:01.118-03:00  INFO 21744 --- [msavaliadorcredito] [restartedMain] .e.DevToolsPropertyDefaultsPostProcessor : For additional web related logging consider setting the 'logging.level.web' property to 'DEBUG'
2026-03-01T00:33:02.069-03:00  INFO 21744 --- [msavaliadorcredito] [restartedMain] o.s.cloud.context.scope.GenericScope     : BeanFactory id=c238d04a-c2bc-3b3d-b19c-dba32d848c56
2026-03-01T00:33:02.275-03:00  WARN 21744 --- [msavaliadorcredito] [restartedMain] trationDelegate$BeanPostProcessorChecker : Bean 'org.springframework.cloud.client.loadbalancer.LoadBalancerAutoConfiguration$DeferringLoadBalancerInterceptorConfig' of type [org.springframework.cloud.client.loadbalancer.LoadBalancerAutoConfiguration$DeferringLoadBalancerInterceptorConfig] is not eligible for getting processed by all BeanPostProcessors (for example: not eligible for auto-proxying). The currently created BeanPostProcessor [lbRestClientPostProcessor] is declared through a non-static factory method on that class; consider declaring it as static instead.
2026-03-01T00:33:02.277-03:00  WARN 21744 --- [msavaliadorcredito] [restartedMain] trationDelegate$BeanPostProcessorChecker : Bean 'deferringLoadBalancerInterceptor' of type [org.springframework.cloud.client.loadbalancer.DeferringLoadBalancerInterceptor] is not eligible for getting processed by all BeanPostProcessors (for example: not eligible for auto-proxying). Is this bean getting eagerly injected into a currently created BeanPostProcessor [lbRestClientPostProcessor]? Check the corresponding BeanPostProcessor declaration and its dependencies.
2026-03-01T00:33:02.674-03:00  INFO 21744 --- [msavaliadorcredito] [restartedMain] o.s.b.w.embedded.tomcat.TomcatWebServer  : Tomcat initialized with port 0 (http)
2026-03-01T00:33:02.688-03:00  INFO 21744 --- [msavaliadorcredito] [restartedMain] o.apache.catalina.core.StandardService   : Starting service [Tomcat]
2026-03-01T00:33:02.688-03:00  INFO 21744 --- [msavaliadorcredito] [restartedMain] o.apache.catalina.core.StandardEngine    : Starting Servlet engine: [Apache Tomcat/10.1.30]
2026-03-01T00:33:02.728-03:00  INFO 21744 --- [msavaliadorcredito] [restartedMain] o.a.c.c.C.[Tomcat].[localhost].[/]       : Initializing Spring embedded WebApplicationContext
2026-03-01T00:33:02.728-03:00  INFO 21744 --- [msavaliadorcredito] [restartedMain] w.s.c.ServletWebServerApplicationContext : Root WebApplicationContext: initialization completed in 1609 ms
2026-03-01T00:33:03.153-03:00  WARN 21744 --- [msavaliadorcredito] [restartedMain] o.s.b.d.a.OptionalLiveReloadServer       : Unable to start LiveReload server
2026-03-01T00:33:03.214-03:00  INFO 21744 --- [msavaliadorcredito] [restartedMain] o.s.c.openfeign.FeignClientFactoryBean   : For 'msclientes' URL not provided. Will try picking an instance via load-balancing.
2026-03-01T00:33:03.276-03:00  INFO 21744 --- [msavaliadorcredito] [restartedMain] o.s.c.openfeign.FeignClientFactoryBean   : For 'mscartoes' URL not provided. Will try picking an instance via load-balancing.
2026-03-01T00:33:04.326-03:00  INFO 21744 --- [msavaliadorcredito] [restartedMain] DiscoveryClientOptionalArgsConfiguration : Eureka HTTP Client uses RestTemplate.
2026-03-01T00:33:04.356-03:00  WARN 21744 --- [msavaliadorcredito] [restartedMain] iguration$LoadBalancerCaffeineWarnLogger : Spring Cloud LoadBalancer is currently working with the default cache. While this cache implementation is useful for development and tests, it's recommended to use Caffeine cache in production.You can switch to using Caffeine cache, by adding it and org.springframework.cache.caffeine.CaffeineCacheManager to the classpath.
2026-03-01T00:33:04.371-03:00  INFO 21744 --- [msavaliadorcredito] [restartedMain] o.s.b.a.e.web.EndpointLinksResolver      : Exposing 1 endpoint beneath base path '/actuator'
2026-03-01T00:33:04.442-03:00  INFO 21744 --- [msavaliadorcredito] [restartedMain] o.s.b.w.embedded.tomcat.TomcatWebServer  : Tomcat started on port 54701 (http) with context path '/'
2026-03-01T00:33:04.443-03:00  INFO 21744 --- [msavaliadorcredito] [restartedMain] .s.c.n.e.s.EurekaAutoServiceRegistration : Updating port to 54701
2026-03-01T00:33:04.447-03:00  INFO 21744 --- [msavaliadorcredito] [restartedMain] o.s.c.n.eureka.InstanceInfoFactory       : Setting initial instance status as: STARTING
2026-03-01T00:33:04.550-03:00  INFO 21744 --- [msavaliadorcredito] [restartedMain] com.netflix.discovery.DiscoveryClient    : Initializing Eureka in region us-east-1
2026-03-01T00:33:04.556-03:00  INFO 21744 --- [msavaliadorcredito] [restartedMain] c.n.d.s.r.aws.ConfigClusterResolver      : Resolving eureka endpoints via configuration
2026-03-01T00:33:04.576-03:00  INFO 21744 --- [msavaliadorcredito] [restartedMain] com.netflix.discovery.DiscoveryClient    : Disable delta property : false
2026-03-01T00:33:04.576-03:00  INFO 21744 --- [msavaliadorcredito] [restartedMain] com.netflix.discovery.DiscoveryClient    : Single vip registry refresh property : null
2026-03-01T00:33:04.576-03:00  INFO 21744 --- [msavaliadorcredito] [restartedMain] com.netflix.discovery.DiscoveryClient    : Force full registry fetch : false
2026-03-01T00:33:04.576-03:00  INFO 21744 --- [msavaliadorcredito] [restartedMain] com.netflix.discovery.DiscoveryClient    : Application is null : false
2026-03-01T00:33:04.576-03:00  INFO 21744 --- [msavaliadorcredito] [restartedMain] com.netflix.discovery.DiscoveryClient    : Registered Applications size is zero : true
2026-03-01T00:33:04.576-03:00  INFO 21744 --- [msavaliadorcredito] [restartedMain] com.netflix.discovery.DiscoveryClient    : Application version is -1: true
2026-03-01T00:33:04.576-03:00  INFO 21744 --- [msavaliadorcredito] [restartedMain] com.netflix.discovery.DiscoveryClient    : Getting all instance registry info from the eureka server
2026-03-01T00:33:04.885-03:00  INFO 21744 --- [msavaliadorcredito] [restartedMain] com.netflix.discovery.DiscoveryClient    : The response status is 200
2026-03-01T00:33:04.887-03:00  INFO 21744 --- [msavaliadorcredito] [restartedMain] com.netflix.discovery.DiscoveryClient    : Starting heartbeat executor: renew interval is: 30
2026-03-01T00:33:04.889-03:00  INFO 21744 --- [msavaliadorcredito] [restartedMain] c.n.discovery.InstanceInfoReplicator     : InstanceInfoReplicator onDemand update allowed rate per min is 4
2026-03-01T00:33:04.892-03:00  INFO 21744 --- [msavaliadorcredito] [restartedMain] com.netflix.discovery.DiscoveryClient    : Discovery Client initialized at timestamp 1772335984891 with initial instances count: 3
2026-03-01T00:33:04.896-03:00  INFO 21744 --- [msavaliadorcredito] [restartedMain] o.s.c.n.e.s.EurekaServiceRegistry        : Registering application MSAVALIADORCREDITO with eureka with status UP
2026-03-01T00:33:04.897-03:00  INFO 21744 --- [msavaliadorcredito] [restartedMain] com.netflix.discovery.DiscoveryClient    : Saw local status change event StatusChangeEvent [timestamp=1772335984897, current=UP, previous=STARTING]
2026-03-01T00:33:04.898-03:00  INFO 21744 --- [msavaliadorcredito] [DiscoveryClient-InstanceInfoReplicator-0] com.netflix.discovery.DiscoveryClient    : DiscoveryClient_MSAVALIADORCREDITO/msavaliadorcredito:a78f52eec3e6ab74b5086716e3fd7cdc: registering service...
2026-03-01T00:33:04.916-03:00  INFO 21744 --- [msavaliadorcredito] [restartedMain] c.g.d.m.MsavaliadorcreditoApplication    : Started MsavaliadorcreditoApplication in 4.301 seconds (process running for 4.721)
2026-03-01T00:33:04.988-03:00  INFO 21744 --- [msavaliadorcredito] [DiscoveryClient-InstanceInfoReplicator-0] com.netflix.discovery.DiscoveryClient    : DiscoveryClient_MSAVALIADORCREDITO/msavaliadorcredito:a78f52eec3e6ab74b5086716e3fd7cdc - registration status: 204
