2026-02-24T12:18:59.094-03:00  INFO 18544 --- [msavaliadorcredito] [restartedMain] c.g.d.m.MsavaliadorcreditoApplication    : Starting MsavaliadorcreditoApplication using Java 21.0.7 with PID 18544 (C:\Users\joanb\OneDrive\Área de Trabalho\Projetos\microservicos\msavaliadorcredito\target\classes started by joanb in C:\Users\joanb\OneDrive\Área de Trabalho\Projetos\microservicos\msavaliadorcredito)
2026-02-24T12:18:59.096-03:00  INFO 18544 --- [msavaliadorcredito] [restartedMain] c.g.d.m.MsavaliadorcreditoApplication    : The following 1 profile is active: "dev"
2026-02-24T12:18:59.166-03:00  INFO 18544 --- [msavaliadorcredito] [restartedMain] .e.DevToolsPropertyDefaultsPostProcessor : Devtools property defaults active! Set 'spring.devtools.add-properties' to 'false' to disable
2026-02-24T12:18:59.167-03:00  INFO 18544 --- [msavaliadorcredito] [restartedMain] .e.DevToolsPropertyDefaultsPostProcessor : For additional web related logging consider setting the 'logging.level.web' property to 'DEBUG'
2026-02-24T12:19:00.342-03:00  INFO 18544 --- [msavaliadorcredito] [restartedMain] o.s.cloud.context.scope.GenericScope     : BeanFactory id=764f9765-2b88-3f5a-80ee-61469c337079
2026-02-24T12:19:00.870-03:00  INFO 18544 --- [msavaliadorcredito] [restartedMain] o.s.b.w.embedded.tomcat.TomcatWebServer  : Tomcat initialized with port 0 (http)
2026-02-24T12:19:00.890-03:00  INFO 18544 --- [msavaliadorcredito] [restartedMain] o.apache.catalina.core.StandardService   : Starting service [Tomcat]
2026-02-24T12:19:00.890-03:00  INFO 18544 --- [msavaliadorcredito] [restartedMain] o.apache.catalina.core.StandardEngine    : Starting Servlet engine: [Apache Tomcat/10.1.50]
2026-02-24T12:19:00.949-03:00  INFO 18544 --- [msavaliadorcredito] [restartedMain] o.a.c.c.C.[Tomcat].[localhost].[/]       : Initializing Spring embedded WebApplicationContext
2026-02-24T12:19:00.951-03:00  INFO 18544 --- [msavaliadorcredito] [restartedMain] w.s.c.ServletWebServerApplicationContext : Root WebApplicationContext: initialization completed in 1784 ms
2026-02-24T12:19:01.145-03:00  INFO 18544 --- [msavaliadorcredito] [restartedMain] o.s.b.d.a.OptionalLiveReloadServer       : LiveReload server is running on port 35729
2026-02-24T12:19:01.247-03:00  INFO 18544 --- [msavaliadorcredito] [restartedMain] o.s.c.openfeign.FeignClientFactoryBean   : For 'msclientes' URL not provided. Will try picking an instance via load-balancing.
2026-02-24T12:19:01.320-03:00  INFO 18544 --- [msavaliadorcredito] [restartedMain] o.s.c.openfeign.FeignClientFactoryBean   : For 'mscartoes' URL not provided. Will try picking an instance via load-balancing.
2026-02-24T12:19:02.330-03:00  INFO 18544 --- [msavaliadorcredito] [restartedMain] DiscoveryClientOptionalArgsConfiguration : Eureka HTTP Client uses RestTemplate.
2026-02-24T12:19:02.369-03:00  WARN 18544 --- [msavaliadorcredito] [restartedMain] iguration$LoadBalancerCaffeineWarnLogger : Spring Cloud LoadBalancer is currently working with the default cache. While this cache implementation is useful for development and tests, it's recommended to use Caffeine cache in production.You can switch to using Caffeine cache, by adding it and org.springframework.cache.caffeine.CaffeineCacheManager to the classpath.
2026-02-24T12:19:02.419-03:00  INFO 18544 --- [msavaliadorcredito] [restartedMain] o.s.b.w.embedded.tomcat.TomcatWebServer  : Tomcat started on port 58211 (http) with context path '/'
2026-02-24T12:19:02.420-03:00  INFO 18544 --- [msavaliadorcredito] [restartedMain] .s.c.n.e.s.EurekaAutoServiceRegistration : Updating port to 58211
2026-02-24T12:19:02.425-03:00  INFO 18544 --- [msavaliadorcredito] [restartedMain] o.s.c.n.eureka.InstanceInfoFactory       : Setting initial instance status as: STARTING
2026-02-24T12:19:02.450-03:00  INFO 18544 --- [msavaliadorcredito] [restartedMain] com.netflix.discovery.DiscoveryClient    : Initializing Eureka in region us-east-1
2026-02-24T12:19:02.454-03:00  INFO 18544 --- [msavaliadorcredito] [restartedMain] c.n.d.s.r.aws.ConfigClusterResolver      : Resolving eureka endpoints via configuration
2026-02-24T12:19:02.464-03:00  INFO 18544 --- [msavaliadorcredito] [restartedMain] com.netflix.discovery.DiscoveryClient    : Disable delta property : false
2026-02-24T12:19:02.464-03:00  INFO 18544 --- [msavaliadorcredito] [restartedMain] com.netflix.discovery.DiscoveryClient    : Single vip registry refresh property : null
2026-02-24T12:19:02.464-03:00  INFO 18544 --- [msavaliadorcredito] [restartedMain] com.netflix.discovery.DiscoveryClient    : Force full registry fetch : false
2026-02-24T12:19:02.464-03:00  INFO 18544 --- [msavaliadorcredito] [restartedMain] com.netflix.discovery.DiscoveryClient    : Application is null : false
2026-02-24T12:19:02.464-03:00  INFO 18544 --- [msavaliadorcredito] [restartedMain] com.netflix.discovery.DiscoveryClient    : Registered Applications size is zero : true
2026-02-24T12:19:02.464-03:00  INFO 18544 --- [msavaliadorcredito] [restartedMain] com.netflix.discovery.DiscoveryClient    : Application version is -1: true
2026-02-24T12:19:02.465-03:00  INFO 18544 --- [msavaliadorcredito] [restartedMain] com.netflix.discovery.DiscoveryClient    : Getting all instance registry info from the eureka server
2026-02-24T12:19:03.098-03:00  INFO 18544 --- [msavaliadorcredito] [restartedMain] com.netflix.discovery.DiscoveryClient    : The response status is 200
2026-02-24T12:19:03.099-03:00  INFO 18544 --- [msavaliadorcredito] [restartedMain] com.netflix.discovery.DiscoveryClient    : Starting heartbeat executor: renew interval is: 30
2026-02-24T12:19:03.101-03:00  INFO 18544 --- [msavaliadorcredito] [restartedMain] c.n.discovery.InstanceInfoReplicator     : InstanceInfoReplicator onDemand update allowed rate per min is 4
2026-02-24T12:19:03.104-03:00  INFO 18544 --- [msavaliadorcredito] [restartedMain] com.netflix.discovery.DiscoveryClient    : Discovery Client initialized at timestamp 1771946343102 with initial instances count: 0
2026-02-24T12:19:03.108-03:00  INFO 18544 --- [msavaliadorcredito] [restartedMain] o.s.c.n.e.s.EurekaServiceRegistry        : Registering application MSAVALIADORCREDITO with eureka with status UP
2026-02-24T12:19:03.108-03:00  INFO 18544 --- [msavaliadorcredito] [restartedMain] com.netflix.discovery.DiscoveryClient    : Saw local status change event StatusChangeEvent [timestamp=1771946343108, current=UP, previous=STARTING]
2026-02-24T12:19:03.109-03:00  INFO 18544 --- [msavaliadorcredito] [DiscoveryClient-InstanceInfoReplicator-%d] com.netflix.discovery.DiscoveryClient    : DiscoveryClient_MSAVALIADORCREDITO/msavaliadorcredito:1812e2550cea7ba863ba2a1b45985d46: registering service...
2026-02-24T12:19:03.124-03:00  INFO 18544 --- [msavaliadorcredito] [restartedMain] c.g.d.m.MsavaliadorcreditoApplication    : Started MsavaliadorcreditoApplication in 4.704 seconds (process running for 6.077)
2026-02-24T12:19:03.298-03:00  INFO 18544 --- [msavaliadorcredito] [DiscoveryClient-InstanceInfoReplicator-%d] com.netflix.discovery.DiscoveryClient    : DiscoveryClient_MSAVALIADORCREDITO/msavaliadorcredito:1812e2550cea7ba863ba2a1b45985d46 - registration status: 204
2026-02-24T12:19:33.100-03:00  INFO 18544 --- [msavaliadorcredito] [DiscoveryClient-CacheRefreshExecutor-%d] com.netflix.discovery.DiscoveryClient    : Disable delta property : false
2026-02-24T12:19:33.101-03:00  INFO 18544 --- [msavaliadorcredito] [DiscoveryClient-CacheRefreshExecutor-%d] com.netflix.discovery.DiscoveryClient    : Single vip registry refresh property : null
2026-02-24T12:19:33.101-03:00  INFO 18544 --- [msavaliadorcredito] [DiscoveryClient-CacheRefreshExecutor-%d] com.netflix.discovery.DiscoveryClient    : Force full registry fetch : false
2026-02-24T12:19:33.101-03:00  INFO 18544 --- [msavaliadorcredito] [DiscoveryClient-CacheRefreshExecutor-%d] com.netflix.discovery.DiscoveryClient    : Application is null : false
2026-02-24T12:19:33.101-03:00  INFO 18544 --- [msavaliadorcredito] [DiscoveryClient-CacheRefreshExecutor-%d] com.netflix.discovery.DiscoveryClient    : Registered Applications size is zero : true
2026-02-24T12:19:33.101-03:00  INFO 18544 --- [msavaliadorcredito] [DiscoveryClient-CacheRefreshExecutor-%d] com.netflix.discovery.DiscoveryClient    : Application version is -1: false
2026-02-24T12:19:33.101-03:00  INFO 18544 --- [msavaliadorcredito] [DiscoveryClient-CacheRefreshExecutor-%d] com.netflix.discovery.DiscoveryClient    : Getting all instance registry info from the eureka server
2026-02-24T12:19:33.201-03:00  INFO 18544 --- [msavaliadorcredito] [DiscoveryClient-CacheRefreshExecutor-%d] com.netflix.discovery.DiscoveryClient    : The response status is 200
2026-02-24T12:23:25.825-03:00  INFO 18544 --- [msavaliadorcredito] [http-nio-auto-1-exec-1] o.a.c.c.C.[Tomcat].[localhost].[/]       : Initializing Spring DispatcherServlet 'dispatcherServlet'
2026-02-24T12:23:25.825-03:00  INFO 18544 --- [msavaliadorcredito] [http-nio-auto-1-exec-1] o.s.web.servlet.DispatcherServlet        : Initializing Servlet 'dispatcherServlet'
2026-02-24T12:23:25.826-03:00  INFO 18544 --- [msavaliadorcredito] [http-nio-auto-1-exec-1] o.s.web.servlet.DispatcherServlet        : Completed initialization in 1 ms
2026-02-24T12:24:02.469-03:00  INFO 18544 --- [msavaliadorcredito] [AsyncResolver-bootstrap-executor-%d] c.n.d.s.r.aws.ConfigClusterResolver      : Resolving eureka endpoints via configuration
2026-02-24T12:28:01.363-03:00  INFO 18544 --- [msavaliadorcredito] [SpringApplicationShutdownHook] o.s.c.n.e.s.EurekaServiceRegistry        : Unregistering application MSAVALIADORCREDITO with eureka with status DOWN
2026-02-24T12:28:01.363-03:00  INFO 18544 --- [msavaliadorcredito] [SpringApplicationShutdownHook] com.netflix.discovery.DiscoveryClient    : Saw local status change event StatusChangeEvent [timestamp=1771946881363, current=DOWN, previous=UP]
2026-02-24T12:28:01.363-03:00  INFO 18544 --- [msavaliadorcredito] [DiscoveryClient-InstanceInfoReplicator-%d] com.netflix.discovery.DiscoveryClient    : DiscoveryClient_MSAVALIADORCREDITO/msavaliadorcredito:1812e2550cea7ba863ba2a1b45985d46: registering service...
2026-02-24T12:28:01.365-03:00  INFO 18544 --- [msavaliadorcredito] [SpringApplicationShutdownHook] o.s.b.w.e.tomcat.GracefulShutdown        : Commencing graceful shutdown. Waiting for active requests to complete
2026-02-24T12:28:01.369-03:00  INFO 18544 --- [msavaliadorcredito] [tomcat-shutdown] o.s.b.w.e.tomcat.GracefulShutdown        : Graceful shutdown complete
2026-02-24T12:28:01.376-03:00  INFO 18544 --- [msavaliadorcredito] [SpringApplicationShutdownHook] com.netflix.discovery.DiscoveryClient    : Shutting down DiscoveryClient ...
2026-02-24T12:28:01.437-03:00  INFO 18544 --- [msavaliadorcredito] [DiscoveryClient-InstanceInfoReplicator-%d] com.netflix.discovery.DiscoveryClient    : DiscoveryClient_MSAVALIADORCREDITO/msavaliadorcredito:1812e2550cea7ba863ba2a1b45985d46 - registration status: 204
2026-02-24T12:28:01.438-03:00  INFO 18544 --- [msavaliadorcredito] [SpringApplicationShutdownHook] com.netflix.discovery.DiscoveryClient    : Unregistering ...
2026-02-24T12:28:01.497-03:00  INFO 18544 --- [msavaliadorcredito] [SpringApplicationShutdownHook] com.netflix.discovery.DiscoveryClient    : DiscoveryClient_MSAVALIADORCREDITO/msavaliadorcredito:1812e2550cea7ba863ba2a1b45985d46 - deregister  status: 200
2026-02-24T12:28:01.497-03:00  INFO 18544 --- [msavaliadorcredito] [SpringApplicationShutdownHook] com.netflix.discovery.DiscoveryClient    : Completed shut down of DiscoveryClient
2026-02-24T12:28:04.933-03:00  INFO 18100 --- [msavaliadorcredito] [restartedMain] c.g.d.m.MsavaliadorcreditoApplication    : Starting MsavaliadorcreditoApplication using Java 21.0.7 with PID 18100 (C:\Users\joanb\OneDrive\Área de Trabalho\Projetos\microservicos\msavaliadorcredito\target\classes started by joanb in C:\Users\joanb\OneDrive\Área de Trabalho\Projetos\microservicos\msavaliadorcredito)
2026-02-24T12:28:04.936-03:00  INFO 18100 --- [msavaliadorcredito] [restartedMain] c.g.d.m.MsavaliadorcreditoApplication    : The following 1 profile is active: "dev"
2026-02-24T12:28:05.026-03:00  INFO 18100 --- [msavaliadorcredito] [restartedMain] .e.DevToolsPropertyDefaultsPostProcessor : Devtools property defaults active! Set 'spring.devtools.add-properties' to 'false' to disable
2026-02-24T12:28:05.026-03:00  INFO 18100 --- [msavaliadorcredito] [restartedMain] .e.DevToolsPropertyDefaultsPostProcessor : For additional web related logging consider setting the 'logging.level.web' property to 'DEBUG'
2026-02-24T12:28:06.165-03:00  INFO 18100 --- [msavaliadorcredito] [restartedMain] o.s.cloud.context.scope.GenericScope     : BeanFactory id=815266e2-d12a-322e-b928-025b19220cdc
2026-02-24T12:28:06.509-03:00  INFO 18100 --- [msavaliadorcredito] [restartedMain] o.s.b.w.embedded.tomcat.TomcatWebServer  : Tomcat initialized with port 0 (http)
2026-02-24T12:28:06.526-03:00  INFO 18100 --- [msavaliadorcredito] [restartedMain] o.apache.catalina.core.StandardService   : Starting service [Tomcat]
2026-02-24T12:28:06.526-03:00  INFO 18100 --- [msavaliadorcredito] [restartedMain] o.apache.catalina.core.StandardEngine    : Starting Servlet engine: [Apache Tomcat/10.1.50]
2026-02-24T12:28:06.578-03:00  INFO 18100 --- [msavaliadorcredito] [restartedMain] o.a.c.c.C.[Tomcat].[localhost].[/]       : Initializing Spring embedded WebApplicationContext
2026-02-24T12:28:06.578-03:00  INFO 18100 --- [msavaliadorcredito] [restartedMain] w.s.c.ServletWebServerApplicationContext : Root WebApplicationContext: initialization completed in 1551 ms
2026-02-24T12:28:07.095-03:00  INFO 18100 --- [msavaliadorcredito] [restartedMain] o.s.b.d.a.OptionalLiveReloadServer       : LiveReload server is running on port 35729
2026-02-24T12:28:07.152-03:00  INFO 18100 --- [msavaliadorcredito] [restartedMain] o.s.c.openfeign.FeignClientFactoryBean   : For 'msclientes' URL not provided. Will try picking an instance via load-balancing.
2026-02-24T12:28:07.258-03:00  INFO 18100 --- [msavaliadorcredito] [restartedMain] o.s.c.openfeign.FeignClientFactoryBean   : For 'mscartoes' URL not provided. Will try picking an instance via load-balancing.
2026-02-24T12:28:08.323-03:00  INFO 18100 --- [msavaliadorcredito] [restartedMain] DiscoveryClientOptionalArgsConfiguration : Eureka HTTP Client uses RestTemplate.
2026-02-24T12:28:08.360-03:00  WARN 18100 --- [msavaliadorcredito] [restartedMain] iguration$LoadBalancerCaffeineWarnLogger : Spring Cloud LoadBalancer is currently working with the default cache. While this cache implementation is useful for development and tests, it's recommended to use Caffeine cache in production.You can switch to using Caffeine cache, by adding it and org.springframework.cache.caffeine.CaffeineCacheManager to the classpath.
2026-02-24T12:28:08.389-03:00  INFO 18100 --- [msavaliadorcredito] [restartedMain] o.s.b.a.e.web.EndpointLinksResolver      : Exposing 1 endpoint beneath base path '/actuator'
2026-02-24T12:28:08.494-03:00  INFO 18100 --- [msavaliadorcredito] [restartedMain] o.s.b.w.embedded.tomcat.TomcatWebServer  : Tomcat started on port 55289 (http) with context path '/'
2026-02-24T12:28:08.495-03:00  INFO 18100 --- [msavaliadorcredito] [restartedMain] .s.c.n.e.s.EurekaAutoServiceRegistration : Updating port to 55289
2026-02-24T12:28:08.502-03:00  INFO 18100 --- [msavaliadorcredito] [restartedMain] o.s.c.n.eureka.InstanceInfoFactory       : Setting initial instance status as: STARTING
2026-02-24T12:28:08.537-03:00  INFO 18100 --- [msavaliadorcredito] [restartedMain] com.netflix.discovery.DiscoveryClient    : Initializing Eureka in region us-east-1
2026-02-24T12:28:08.545-03:00  INFO 18100 --- [msavaliadorcredito] [restartedMain] c.n.d.s.r.aws.ConfigClusterResolver      : Resolving eureka endpoints via configuration
2026-02-24T12:28:08.568-03:00  INFO 18100 --- [msavaliadorcredito] [restartedMain] com.netflix.discovery.DiscoveryClient    : Disable delta property : false
2026-02-24T12:28:08.568-03:00  INFO 18100 --- [msavaliadorcredito] [restartedMain] com.netflix.discovery.DiscoveryClient    : Single vip registry refresh property : null
2026-02-24T12:28:08.569-03:00  INFO 18100 --- [msavaliadorcredito] [restartedMain] com.netflix.discovery.DiscoveryClient    : Force full registry fetch : false
2026-02-24T12:28:08.569-03:00  INFO 18100 --- [msavaliadorcredito] [restartedMain] com.netflix.discovery.DiscoveryClient    : Application is null : false
2026-02-24T12:28:08.569-03:00  INFO 18100 --- [msavaliadorcredito] [restartedMain] com.netflix.discovery.DiscoveryClient    : Registered Applications size is zero : true
2026-02-24T12:28:08.569-03:00  INFO 18100 --- [msavaliadorcredito] [restartedMain] com.netflix.discovery.DiscoveryClient    : Application version is -1: true
2026-02-24T12:28:08.569-03:00  INFO 18100 --- [msavaliadorcredito] [restartedMain] com.netflix.discovery.DiscoveryClient    : Getting all instance registry info from the eureka server
2026-02-24T12:28:09.146-03:00  INFO 18100 --- [msavaliadorcredito] [restartedMain] com.netflix.discovery.DiscoveryClient    : The response status is 200
2026-02-24T12:28:09.149-03:00  INFO 18100 --- [msavaliadorcredito] [restartedMain] com.netflix.discovery.DiscoveryClient    : Starting heartbeat executor: renew interval is: 30
2026-02-24T12:28:09.153-03:00  INFO 18100 --- [msavaliadorcredito] [restartedMain] c.n.discovery.InstanceInfoReplicator     : InstanceInfoReplicator onDemand update allowed rate per min is 4
2026-02-24T12:28:09.157-03:00  INFO 18100 --- [msavaliadorcredito] [restartedMain] com.netflix.discovery.DiscoveryClient    : Discovery Client initialized at timestamp 1771946889156 with initial instances count: 4
2026-02-24T12:28:09.161-03:00  INFO 18100 --- [msavaliadorcredito] [restartedMain] o.s.c.n.e.s.EurekaServiceRegistry        : Registering application MSAVALIADORCREDITO with eureka with status UP
2026-02-24T12:28:09.161-03:00  INFO 18100 --- [msavaliadorcredito] [restartedMain] com.netflix.discovery.DiscoveryClient    : Saw local status change event StatusChangeEvent [timestamp=1771946889161, current=UP, previous=STARTING]
2026-02-24T12:28:09.163-03:00  INFO 18100 --- [msavaliadorcredito] [DiscoveryClient-InstanceInfoReplicator-%d] com.netflix.discovery.DiscoveryClient    : DiscoveryClient_MSAVALIADORCREDITO/msavaliadorcredito:35f89e8579c745e9cef5ae131a64205e: registering service...
2026-02-24T12:28:09.186-03:00  INFO 18100 --- [msavaliadorcredito] [restartedMain] c.g.d.m.MsavaliadorcreditoApplication    : Started MsavaliadorcreditoApplication in 4.799 seconds (process running for 5.453)
2026-02-24T12:28:09.325-03:00  INFO 18100 --- [msavaliadorcredito] [DiscoveryClient-InstanceInfoReplicator-%d] com.netflix.discovery.DiscoveryClient    : DiscoveryClient_MSAVALIADORCREDITO/msavaliadorcredito:35f89e8579c745e9cef5ae131a64205e - registration status: 204
2026-02-24T12:28:10.756-03:00  INFO 18100 --- [msavaliadorcredito] [File Watcher] rtingClassPathChangeChangedEventListener : Restarting due to 23 class path changes (0 additions, 20 deletions, 3 modifications)
2026-02-24T12:28:10.758-03:00  INFO 18100 --- [msavaliadorcredito] [Thread-5] o.s.c.n.e.s.EurekaServiceRegistry        : Unregistering application MSAVALIADORCREDITO with eureka with status DOWN
2026-02-24T12:28:10.758-03:00  INFO 18100 --- [msavaliadorcredito] [Thread-5] com.netflix.discovery.DiscoveryClient    : Saw local status change event StatusChangeEvent [timestamp=1771946890758, current=DOWN, previous=UP]
2026-02-24T12:28:10.758-03:00  INFO 18100 --- [msavaliadorcredito] [DiscoveryClient-InstanceInfoReplicator-%d] com.netflix.discovery.DiscoveryClient    : DiscoveryClient_MSAVALIADORCREDITO/msavaliadorcredito:35f89e8579c745e9cef5ae131a64205e: registering service...
2026-02-24T12:28:10.761-03:00  INFO 18100 --- [msavaliadorcredito] [Thread-5] o.s.b.w.e.tomcat.GracefulShutdown        : Commencing graceful shutdown. Waiting for active requests to complete
2026-02-24T12:28:10.766-03:00  INFO 18100 --- [msavaliadorcredito] [tomcat-shutdown] o.s.b.w.e.tomcat.GracefulShutdown        : Graceful shutdown complete
2026-02-24T12:28:10.775-03:00  INFO 18100 --- [msavaliadorcredito] [Thread-5] com.netflix.discovery.DiscoveryClient    : Shutting down DiscoveryClient ...
2026-02-24T12:28:10.822-03:00  INFO 18100 --- [msavaliadorcredito] [DiscoveryClient-InstanceInfoReplicator-%d] com.netflix.discovery.DiscoveryClient    : DiscoveryClient_MSAVALIADORCREDITO/msavaliadorcredito:35f89e8579c745e9cef5ae131a64205e - registration status: 204
2026-02-24T12:28:10.822-03:00  INFO 18100 --- [msavaliadorcredito] [Thread-5] com.netflix.discovery.DiscoveryClient    : Unregistering ...
2026-02-24T12:28:10.887-03:00  INFO 18100 --- [msavaliadorcredito] [Thread-5] com.netflix.discovery.DiscoveryClient    : DiscoveryClient_MSAVALIADORCREDITO/msavaliadorcredito:35f89e8579c745e9cef5ae131a64205e - deregister  status: 200
2026-02-24T12:28:10.887-03:00  INFO 18100 --- [msavaliadorcredito] [Thread-5] com.netflix.discovery.DiscoveryClient    : Completed shut down of DiscoveryClient
2026-02-24T12:28:11.044-03:00  INFO 18100 --- [msavaliadorcredito] [restartedMain] c.g.d.m.MsavaliadorcreditoApplication    : Starting MsavaliadorcreditoApplication using Java 21.0.7 with PID 18100 (C:\Users\joanb\OneDrive\Área de Trabalho\Projetos\microservicos\msavaliadorcredito\target\classes started by joanb in C:\Users\joanb\OneDrive\Área de Trabalho\Projetos\microservicos\msavaliadorcredito)
2026-02-24T12:28:11.045-03:00  INFO 18100 --- [msavaliadorcredito] [restartedMain] c.g.d.m.MsavaliadorcreditoApplication    : The following 1 profile is active: "dev"
2026-02-24T12:28:11.517-03:00  INFO 18100 --- [msavaliadorcredito] [restartedMain] o.s.cloud.context.scope.GenericScope     : BeanFactory id=68eeda0d-0f41-35a3-9bb5-0962ecf9c033
2026-02-24T12:28:11.565-03:00  INFO 18100 --- [msavaliadorcredito] [restartedMain] o.s.b.w.embedded.tomcat.TomcatWebServer  : Tomcat initialized with port 0 (http)
2026-02-24T12:28:11.566-03:00  INFO 18100 --- [msavaliadorcredito] [restartedMain] o.apache.catalina.core.StandardService   : Starting service [Tomcat]
2026-02-24T12:28:11.566-03:00  INFO 18100 --- [msavaliadorcredito] [restartedMain] o.apache.catalina.core.StandardEngine    : Starting Servlet engine: [Apache Tomcat/10.1.50]
2026-02-24T12:28:11.605-03:00  INFO 18100 --- [msavaliadorcredito] [restartedMain] o.a.c.c.C.[Tomcat].[localhost].[/]       : Initializing Spring embedded WebApplicationContext
2026-02-24T12:28:11.605-03:00  INFO 18100 --- [msavaliadorcredito] [restartedMain] w.s.c.ServletWebServerApplicationContext : Root WebApplicationContext: initialization completed in 558 ms
2026-02-24T12:28:11.796-03:00  INFO 18100 --- [msavaliadorcredito] [restartedMain] o.s.b.d.a.OptionalLiveReloadServer       : LiveReload server is running on port 35729
2026-02-24T12:28:11.808-03:00  INFO 18100 --- [msavaliadorcredito] [restartedMain] DiscoveryClientOptionalArgsConfiguration : Eureka HTTP Client uses RestTemplate.
2026-02-24T12:28:11.817-03:00  WARN 18100 --- [msavaliadorcredito] [restartedMain] iguration$LoadBalancerCaffeineWarnLogger : Spring Cloud LoadBalancer is currently working with the default cache. While this cache implementation is useful for development and tests, it's recommended to use Caffeine cache in production.You can switch to using Caffeine cache, by adding it and org.springframework.cache.caffeine.CaffeineCacheManager to the classpath.
2026-02-24T12:28:11.822-03:00  INFO 18100 --- [msavaliadorcredito] [restartedMain] o.s.b.a.e.web.EndpointLinksResolver      : Exposing 1 endpoint beneath base path '/actuator'
2026-02-24T12:28:11.836-03:00  INFO 18100 --- [msavaliadorcredito] [restartedMain] o.s.b.w.embedded.tomcat.TomcatWebServer  : Tomcat started on port 60030 (http) with context path '/'
2026-02-24T12:28:11.836-03:00  INFO 18100 --- [msavaliadorcredito] [restartedMain] .s.c.n.e.s.EurekaAutoServiceRegistration : Updating port to 60030
2026-02-24T12:28:11.837-03:00  INFO 18100 --- [msavaliadorcredito] [restartedMain] o.s.c.n.eureka.InstanceInfoFactory       : Setting initial instance status as: STARTING
2026-02-24T12:28:11.839-03:00  INFO 18100 --- [msavaliadorcredito] [restartedMain] com.netflix.discovery.DiscoveryClient    : Initializing Eureka in region us-east-1
2026-02-24T12:28:11.839-03:00  INFO 18100 --- [msavaliadorcredito] [restartedMain] c.n.d.s.r.aws.ConfigClusterResolver      : Resolving eureka endpoints via configuration
2026-02-24T12:28:11.840-03:00  INFO 18100 --- [msavaliadorcredito] [restartedMain] com.netflix.discovery.DiscoveryClient    : Disable delta property : false
2026-02-24T12:28:11.840-03:00  INFO 18100 --- [msavaliadorcredito] [restartedMain] com.netflix.discovery.DiscoveryClient    : Single vip registry refresh property : null
2026-02-24T12:28:11.840-03:00  INFO 18100 --- [msavaliadorcredito] [restartedMain] com.netflix.discovery.DiscoveryClient    : Force full registry fetch : false
2026-02-24T12:28:11.840-03:00  INFO 18100 --- [msavaliadorcredito] [restartedMain] com.netflix.discovery.DiscoveryClient    : Application is null : false
2026-02-24T12:28:11.840-03:00  INFO 18100 --- [msavaliadorcredito] [restartedMain] com.netflix.discovery.DiscoveryClient    : Registered Applications size is zero : true
2026-02-24T12:28:11.840-03:00  INFO 18100 --- [msavaliadorcredito] [restartedMain] com.netflix.discovery.DiscoveryClient    : Application version is -1: true
2026-02-24T12:28:11.840-03:00  INFO 18100 --- [msavaliadorcredito] [restartedMain] com.netflix.discovery.DiscoveryClient    : Getting all instance registry info from the eureka server
2026-02-24T12:28:11.932-03:00  INFO 18100 --- [msavaliadorcredito] [restartedMain] com.netflix.discovery.DiscoveryClient    : The response status is 200
2026-02-24T12:28:11.933-03:00  INFO 18100 --- [msavaliadorcredito] [restartedMain] com.netflix.discovery.DiscoveryClient    : Starting heartbeat executor: renew interval is: 30
2026-02-24T12:28:11.933-03:00  INFO 18100 --- [msavaliadorcredito] [restartedMain] c.n.discovery.InstanceInfoReplicator     : InstanceInfoReplicator onDemand update allowed rate per min is 4
2026-02-24T12:28:11.934-03:00  INFO 18100 --- [msavaliadorcredito] [restartedMain] com.netflix.discovery.DiscoveryClient    : Discovery Client initialized at timestamp 1771946891933 with initial instances count: 4
2026-02-24T12:28:11.934-03:00  INFO 18100 --- [msavaliadorcredito] [restartedMain] o.s.c.n.e.s.EurekaServiceRegistry        : Registering application MSAVALIADORCREDITO with eureka with status UP
2026-02-24T12:28:11.935-03:00  INFO 18100 --- [msavaliadorcredito] [restartedMain] com.netflix.discovery.DiscoveryClient    : Saw local status change event StatusChangeEvent [timestamp=1771946891935, current=UP, previous=STARTING]
2026-02-24T12:28:11.935-03:00  INFO 18100 --- [msavaliadorcredito] [DiscoveryClient-InstanceInfoReplicator-%d] com.netflix.discovery.DiscoveryClient    : DiscoveryClient_MSAVALIADORCREDITO/msavaliadorcredito:1822ebfeb535a4548c771e8541a2392d: registering service...
2026-02-24T12:28:11.948-03:00  INFO 18100 --- [msavaliadorcredito] [restartedMain] c.g.d.m.MsavaliadorcreditoApplication    : Started MsavaliadorcreditoApplication in 0.949 seconds (process running for 8.214)
2026-02-24T12:28:11.950-03:00  INFO 18100 --- [msavaliadorcredito] [restartedMain] .ConditionEvaluationDeltaLoggingListener : Condition evaluation unchanged
2026-02-24T12:28:12.008-03:00  INFO 18100 --- [msavaliadorcredito] [DiscoveryClient-InstanceInfoReplicator-%d] com.netflix.discovery.DiscoveryClient    : DiscoveryClient_MSAVALIADORCREDITO/msavaliadorcredito:1822ebfeb535a4548c771e8541a2392d - registration status: 204
2026-02-24T12:28:13.249-03:00  INFO 18100 --- [msavaliadorcredito] [File Watcher] rtingClassPathChangeChangedEventListener : Restarting due to 20 class path changes (20 additions, 0 deletions, 0 modifications)
2026-02-24T12:28:13.249-03:00  INFO 18100 --- [msavaliadorcredito] [Thread-9] o.s.c.n.e.s.EurekaServiceRegistry        : Unregistering application MSAVALIADORCREDITO with eureka with status DOWN
2026-02-24T12:28:13.249-03:00  INFO 18100 --- [msavaliadorcredito] [Thread-9] com.netflix.discovery.DiscoveryClient    : Saw local status change event StatusChangeEvent [timestamp=1771946893249, current=DOWN, previous=UP]
2026-02-24T12:28:13.249-03:00  INFO 18100 --- [msavaliadorcredito] [DiscoveryClient-InstanceInfoReplicator-%d] com.netflix.discovery.DiscoveryClient    : DiscoveryClient_MSAVALIADORCREDITO/msavaliadorcredito:1822ebfeb535a4548c771e8541a2392d: registering service...
2026-02-24T12:28:13.249-03:00  INFO 18100 --- [msavaliadorcredito] [Thread-9] o.s.b.w.e.tomcat.GracefulShutdown        : Commencing graceful shutdown. Waiting for active requests to complete
2026-02-24T12:28:13.255-03:00  INFO 18100 --- [msavaliadorcredito] [tomcat-shutdown] o.s.b.w.e.tomcat.GracefulShutdown        : Graceful shutdown complete
2026-02-24T12:28:13.257-03:00  INFO 18100 --- [msavaliadorcredito] [Thread-9] com.netflix.discovery.DiscoveryClient    : Shutting down DiscoveryClient ...
2026-02-24T12:28:13.311-03:00  INFO 18100 --- [msavaliadorcredito] [DiscoveryClient-InstanceInfoReplicator-%d] com.netflix.discovery.DiscoveryClient    : DiscoveryClient_MSAVALIADORCREDITO/msavaliadorcredito:1822ebfeb535a4548c771e8541a2392d - registration status: 204
2026-02-24T12:28:13.312-03:00  INFO 18100 --- [msavaliadorcredito] [Thread-9] com.netflix.discovery.DiscoveryClient    : Unregistering ...
2026-02-24T12:28:13.375-03:00  INFO 18100 --- [msavaliadorcredito] [Thread-9] com.netflix.discovery.DiscoveryClient    : DiscoveryClient_MSAVALIADORCREDITO/msavaliadorcredito:1822ebfeb535a4548c771e8541a2392d - deregister  status: 200
2026-02-24T12:28:13.375-03:00  INFO 18100 --- [msavaliadorcredito] [Thread-9] com.netflix.discovery.DiscoveryClient    : Completed shut down of DiscoveryClient
2026-02-24T12:28:13.502-03:00  INFO 18100 --- [msavaliadorcredito] [restartedMain] c.g.d.m.MsavaliadorcreditoApplication    : Starting MsavaliadorcreditoApplication using Java 21.0.7 with PID 18100 (C:\Users\joanb\OneDrive\Área de Trabalho\Projetos\microservicos\msavaliadorcredito\target\classes started by joanb in C:\Users\joanb\OneDrive\Área de Trabalho\Projetos\microservicos\msavaliadorcredito)
2026-02-24T12:28:13.503-03:00  INFO 18100 --- [msavaliadorcredito] [restartedMain] c.g.d.m.MsavaliadorcreditoApplication    : The following 1 profile is active: "dev"
2026-02-24T12:28:13.835-03:00  INFO 18100 --- [msavaliadorcredito] [restartedMain] o.s.cloud.context.scope.GenericScope     : BeanFactory id=815266e2-d12a-322e-b928-025b19220cdc
2026-02-24T12:28:13.876-03:00  INFO 18100 --- [msavaliadorcredito] [restartedMain] o.s.b.w.embedded.tomcat.TomcatWebServer  : Tomcat initialized with port 0 (http)
2026-02-24T12:28:13.877-03:00  INFO 18100 --- [msavaliadorcredito] [restartedMain] o.apache.catalina.core.StandardService   : Starting service [Tomcat]
2026-02-24T12:28:13.878-03:00  INFO 18100 --- [msavaliadorcredito] [restartedMain] o.apache.catalina.core.StandardEngine    : Starting Servlet engine: [Apache Tomcat/10.1.50]
2026-02-24T12:28:13.910-03:00  INFO 18100 --- [msavaliadorcredito] [restartedMain] o.a.c.c.C.[Tomcat].[localhost].[/]       : Initializing Spring embedded WebApplicationContext
2026-02-24T12:28:13.910-03:00  INFO 18100 --- [msavaliadorcredito] [restartedMain] w.s.c.ServletWebServerApplicationContext : Root WebApplicationContext: initialization completed in 404 ms
2026-02-24T12:28:13.977-03:00  INFO 18100 --- [msavaliadorcredito] [restartedMain] o.s.b.d.a.OptionalLiveReloadServer       : LiveReload server is running on port 35729
2026-02-24T12:28:13.987-03:00  INFO 18100 --- [msavaliadorcredito] [restartedMain] o.s.c.openfeign.FeignClientFactoryBean   : For 'msclientes' URL not provided. Will try picking an instance via load-balancing.
2026-02-24T12:28:14.004-03:00  INFO 18100 --- [msavaliadorcredito] [restartedMain] o.s.c.openfeign.FeignClientFactoryBean   : For 'mscartoes' URL not provided. Will try picking an instance via load-balancing.
2026-02-24T12:28:14.126-03:00  INFO 18100 --- [msavaliadorcredito] [restartedMain] DiscoveryClientOptionalArgsConfiguration : Eureka HTTP Client uses RestTemplate.
2026-02-24T12:28:14.133-03:00  WARN 18100 --- [msavaliadorcredito] [restartedMain] iguration$LoadBalancerCaffeineWarnLogger : Spring Cloud LoadBalancer is currently working with the default cache. While this cache implementation is useful for development and tests, it's recommended to use Caffeine cache in production.You can switch to using Caffeine cache, by adding it and org.springframework.cache.caffeine.CaffeineCacheManager to the classpath.
2026-02-24T12:28:14.135-03:00  INFO 18100 --- [msavaliadorcredito] [restartedMain] o.s.b.a.e.web.EndpointLinksResolver      : Exposing 1 endpoint beneath base path '/actuator'
2026-02-24T12:28:14.148-03:00  INFO 18100 --- [msavaliadorcredito] [restartedMain] o.s.b.w.embedded.tomcat.TomcatWebServer  : Tomcat started on port 60034 (http) with context path '/'
2026-02-24T12:28:14.148-03:00  INFO 18100 --- [msavaliadorcredito] [restartedMain] .s.c.n.e.s.EurekaAutoServiceRegistration : Updating port to 60034
2026-02-24T12:28:14.149-03:00  INFO 18100 --- [msavaliadorcredito] [restartedMain] o.s.c.n.eureka.InstanceInfoFactory       : Setting initial instance status as: STARTING
2026-02-24T12:28:14.150-03:00  INFO 18100 --- [msavaliadorcredito] [restartedMain] com.netflix.discovery.DiscoveryClient    : Initializing Eureka in region us-east-1
2026-02-24T12:28:14.150-03:00  INFO 18100 --- [msavaliadorcredito] [restartedMain] c.n.d.s.r.aws.ConfigClusterResolver      : Resolving eureka endpoints via configuration
2026-02-24T12:28:14.151-03:00  INFO 18100 --- [msavaliadorcredito] [restartedMain] com.netflix.discovery.DiscoveryClient    : Disable delta property : false
2026-02-24T12:28:14.151-03:00  INFO 18100 --- [msavaliadorcredito] [restartedMain] com.netflix.discovery.DiscoveryClient    : Single vip registry refresh property : null
2026-02-24T12:28:14.151-03:00  INFO 18100 --- [msavaliadorcredito] [restartedMain] com.netflix.discovery.DiscoveryClient    : Force full registry fetch : false
2026-02-24T12:28:14.151-03:00  INFO 18100 --- [msavaliadorcredito] [restartedMain] com.netflix.discovery.DiscoveryClient    : Application is null : false
2026-02-24T12:28:14.151-03:00  INFO 18100 --- [msavaliadorcredito] [restartedMain] com.netflix.discovery.DiscoveryClient    : Registered Applications size is zero : true
2026-02-24T12:28:14.151-03:00  INFO 18100 --- [msavaliadorcredito] [restartedMain] com.netflix.discovery.DiscoveryClient    : Application version is -1: true
2026-02-24T12:28:14.151-03:00  INFO 18100 --- [msavaliadorcredito] [restartedMain] com.netflix.discovery.DiscoveryClient    : Getting all instance registry info from the eureka server
2026-02-24T12:28:14.234-03:00  INFO 18100 --- [msavaliadorcredito] [restartedMain] com.netflix.discovery.DiscoveryClient    : The response status is 200
2026-02-24T12:28:14.235-03:00  INFO 18100 --- [msavaliadorcredito] [restartedMain] com.netflix.discovery.DiscoveryClient    : Starting heartbeat executor: renew interval is: 30
2026-02-24T12:28:14.235-03:00  INFO 18100 --- [msavaliadorcredito] [restartedMain] c.n.discovery.InstanceInfoReplicator     : InstanceInfoReplicator onDemand update allowed rate per min is 4
2026-02-24T12:28:14.236-03:00  INFO 18100 --- [msavaliadorcredito] [restartedMain] com.netflix.discovery.DiscoveryClient    : Discovery Client initialized at timestamp 1771946894235 with initial instances count: 4
2026-02-24T12:28:14.237-03:00  INFO 18100 --- [msavaliadorcredito] [restartedMain] o.s.c.n.e.s.EurekaServiceRegistry        : Registering application MSAVALIADORCREDITO with eureka with status UP
2026-02-24T12:28:14.237-03:00  INFO 18100 --- [msavaliadorcredito] [restartedMain] com.netflix.discovery.DiscoveryClient    : Saw local status change event StatusChangeEvent [timestamp=1771946894237, current=UP, previous=STARTING]
2026-02-24T12:28:14.237-03:00  INFO 18100 --- [msavaliadorcredito] [DiscoveryClient-InstanceInfoReplicator-%d] com.netflix.discovery.DiscoveryClient    : DiscoveryClient_MSAVALIADORCREDITO/msavaliadorcredito:6ea70cb50ab3a2ec74e139e3d2164a24: registering service...
2026-02-24T12:28:14.245-03:00  INFO 18100 --- [msavaliadorcredito] [restartedMain] c.g.d.m.MsavaliadorcreditoApplication    : Started MsavaliadorcreditoApplication in 0.779 seconds (process running for 10.511)
2026-02-24T12:28:14.247-03:00  INFO 18100 --- [msavaliadorcredito] [restartedMain] .ConditionEvaluationDeltaLoggingListener : Condition evaluation unchanged
2026-02-24T12:28:14.306-03:00  INFO 18100 --- [msavaliadorcredito] [DiscoveryClient-InstanceInfoReplicator-%d] com.netflix.discovery.DiscoveryClient    : DiscoveryClient_MSAVALIADORCREDITO/msavaliadorcredito:6ea70cb50ab3a2ec74e139e3d2164a24 - registration status: 204
2026-02-24T12:29:24.394-03:00  INFO 18100 --- [msavaliadorcredito] [SpringApplicationShutdownHook] o.s.c.n.e.s.EurekaServiceRegistry        : Unregistering application MSAVALIADORCREDITO with eureka with status DOWN
2026-02-24T12:29:24.394-03:00  INFO 18100 --- [msavaliadorcredito] [SpringApplicationShutdownHook] com.netflix.discovery.DiscoveryClient    : Saw local status change event StatusChangeEvent [timestamp=1771946964394, current=DOWN, previous=UP]
2026-02-24T12:29:24.394-03:00  INFO 18100 --- [msavaliadorcredito] [DiscoveryClient-InstanceInfoReplicator-%d] com.netflix.discovery.DiscoveryClient    : DiscoveryClient_MSAVALIADORCREDITO/msavaliadorcredito:6ea70cb50ab3a2ec74e139e3d2164a24: registering service...
2026-02-24T12:29:24.395-03:00  INFO 18100 --- [msavaliadorcredito] [SpringApplicationShutdownHook] o.s.b.w.e.tomcat.GracefulShutdown        : Commencing graceful shutdown. Waiting for active requests to complete
2026-02-24T12:29:24.398-03:00  INFO 18100 --- [msavaliadorcredito] [tomcat-shutdown] o.s.b.w.e.tomcat.GracefulShutdown        : Graceful shutdown complete
2026-02-24T12:29:24.402-03:00  INFO 18100 --- [msavaliadorcredito] [SpringApplicationShutdownHook] com.netflix.discovery.DiscoveryClient    : Shutting down DiscoveryClient ...
2026-02-24T12:29:24.455-03:00  INFO 18100 --- [msavaliadorcredito] [DiscoveryClient-InstanceInfoReplicator-%d] com.netflix.discovery.DiscoveryClient    : DiscoveryClient_MSAVALIADORCREDITO/msavaliadorcredito:6ea70cb50ab3a2ec74e139e3d2164a24 - registration status: 204
2026-02-24T12:29:24.455-03:00  INFO 18100 --- [msavaliadorcredito] [SpringApplicationShutdownHook] com.netflix.discovery.DiscoveryClient    : Unregistering ...
2026-02-24T12:29:24.511-03:00  INFO 18100 --- [msavaliadorcredito] [SpringApplicationShutdownHook] com.netflix.discovery.DiscoveryClient    : DiscoveryClient_MSAVALIADORCREDITO/msavaliadorcredito:6ea70cb50ab3a2ec74e139e3d2164a24 - deregister  status: 200
2026-02-24T12:29:24.511-03:00  INFO 18100 --- [msavaliadorcredito] [SpringApplicationShutdownHook] com.netflix.discovery.DiscoveryClient    : Completed shut down of DiscoveryClient
2026-02-24T12:29:29.283-03:00  INFO 21984 --- [msavaliadorcredito] [restartedMain] c.g.d.m.MsavaliadorcreditoApplication    : Starting MsavaliadorcreditoApplication using Java 21.0.7 with PID 21984 (C:\Users\joanb\OneDrive\Área de Trabalho\Projetos\microservicos\msavaliadorcredito\target\classes started by joanb in C:\Users\joanb\OneDrive\Área de Trabalho\Projetos\microservicos\msavaliadorcredito)
2026-02-24T12:29:29.286-03:00  INFO 21984 --- [msavaliadorcredito] [restartedMain] c.g.d.m.MsavaliadorcreditoApplication    : The following 1 profile is active: "dev"
2026-02-24T12:29:29.337-03:00  INFO 21984 --- [msavaliadorcredito] [restartedMain] .e.DevToolsPropertyDefaultsPostProcessor : Devtools property defaults active! Set 'spring.devtools.add-properties' to 'false' to disable
2026-02-24T12:29:29.338-03:00  INFO 21984 --- [msavaliadorcredito] [restartedMain] .e.DevToolsPropertyDefaultsPostProcessor : For additional web related logging consider setting the 'logging.level.web' property to 'DEBUG'
2026-02-24T12:29:30.400-03:00  INFO 21984 --- [msavaliadorcredito] [restartedMain] o.s.cloud.context.scope.GenericScope     : BeanFactory id=815266e2-d12a-322e-b928-025b19220cdc
2026-02-24T12:29:30.727-03:00  INFO 21984 --- [msavaliadorcredito] [restartedMain] o.s.b.w.embedded.tomcat.TomcatWebServer  : Tomcat initialized with port 0 (http)
2026-02-24T12:29:30.738-03:00  INFO 21984 --- [msavaliadorcredito] [restartedMain] o.apache.catalina.core.StandardService   : Starting service [Tomcat]
2026-02-24T12:29:30.738-03:00  INFO 21984 --- [msavaliadorcredito] [restartedMain] o.apache.catalina.core.StandardEngine    : Starting Servlet engine: [Apache Tomcat/10.1.50]
2026-02-24T12:29:30.777-03:00  INFO 21984 --- [msavaliadorcredito] [restartedMain] o.a.c.c.C.[Tomcat].[localhost].[/]       : Initializing Spring embedded WebApplicationContext
2026-02-24T12:29:30.777-03:00  INFO 21984 --- [msavaliadorcredito] [restartedMain] w.s.c.ServletWebServerApplicationContext : Root WebApplicationContext: initialization completed in 1439 ms
2026-02-24T12:29:31.119-03:00  INFO 21984 --- [msavaliadorcredito] [restartedMain] o.s.b.d.a.OptionalLiveReloadServer       : LiveReload server is running on port 35729
2026-02-24T12:29:31.153-03:00  INFO 21984 --- [msavaliadorcredito] [restartedMain] o.s.c.openfeign.FeignClientFactoryBean   : For 'msclientes' URL not provided. Will try picking an instance via load-balancing.
2026-02-24T12:29:31.205-03:00  INFO 21984 --- [msavaliadorcredito] [restartedMain] o.s.c.openfeign.FeignClientFactoryBean   : For 'mscartoes' URL not provided. Will try picking an instance via load-balancing.
2026-02-24T12:29:32.213-03:00  INFO 21984 --- [msavaliadorcredito] [restartedMain] DiscoveryClientOptionalArgsConfiguration : Eureka HTTP Client uses RestTemplate.
2026-02-24T12:29:32.250-03:00  WARN 21984 --- [msavaliadorcredito] [restartedMain] iguration$LoadBalancerCaffeineWarnLogger : Spring Cloud LoadBalancer is currently working with the default cache. While this cache implementation is useful for development and tests, it's recommended to use Caffeine cache in production.You can switch to using Caffeine cache, by adding it and org.springframework.cache.caffeine.CaffeineCacheManager to the classpath.
2026-02-24T12:29:32.277-03:00  INFO 21984 --- [msavaliadorcredito] [restartedMain] o.s.b.a.e.web.EndpointLinksResolver      : Exposing 1 endpoint beneath base path '/actuator'
2026-02-24T12:29:32.382-03:00  INFO 21984 --- [msavaliadorcredito] [restartedMain] o.s.b.w.embedded.tomcat.TomcatWebServer  : Tomcat started on port 51487 (http) with context path '/'
2026-02-24T12:29:32.383-03:00  INFO 21984 --- [msavaliadorcredito] [restartedMain] .s.c.n.e.s.EurekaAutoServiceRegistration : Updating port to 51487
2026-02-24T12:29:32.388-03:00  INFO 21984 --- [msavaliadorcredito] [restartedMain] o.s.c.n.eureka.InstanceInfoFactory       : Setting initial instance status as: STARTING
2026-02-24T12:29:32.416-03:00  INFO 21984 --- [msavaliadorcredito] [restartedMain] com.netflix.discovery.DiscoveryClient    : Initializing Eureka in region us-east-1
2026-02-24T12:29:32.431-03:00  INFO 21984 --- [msavaliadorcredito] [restartedMain] c.n.d.s.r.aws.ConfigClusterResolver      : Resolving eureka endpoints via configuration
2026-02-24T12:29:32.452-03:00  INFO 21984 --- [msavaliadorcredito] [restartedMain] com.netflix.discovery.DiscoveryClient    : Disable delta property : false
2026-02-24T12:29:32.453-03:00  INFO 21984 --- [msavaliadorcredito] [restartedMain] com.netflix.discovery.DiscoveryClient    : Single vip registry refresh property : null
2026-02-24T12:29:32.453-03:00  INFO 21984 --- [msavaliadorcredito] [restartedMain] com.netflix.discovery.DiscoveryClient    : Force full registry fetch : false
2026-02-24T12:29:32.453-03:00  INFO 21984 --- [msavaliadorcredito] [restartedMain] com.netflix.discovery.DiscoveryClient    : Application is null : false
2026-02-24T12:29:32.453-03:00  INFO 21984 --- [msavaliadorcredito] [restartedMain] com.netflix.discovery.DiscoveryClient    : Registered Applications size is zero : true
2026-02-24T12:29:32.453-03:00  INFO 21984 --- [msavaliadorcredito] [restartedMain] com.netflix.discovery.DiscoveryClient    : Application version is -1: true
2026-02-24T12:29:32.453-03:00  INFO 21984 --- [msavaliadorcredito] [restartedMain] com.netflix.discovery.DiscoveryClient    : Getting all instance registry info from the eureka server
2026-02-24T12:29:32.858-03:00  INFO 21984 --- [msavaliadorcredito] [restartedMain] com.netflix.discovery.DiscoveryClient    : The response status is 200
2026-02-24T12:29:32.860-03:00  INFO 21984 --- [msavaliadorcredito] [restartedMain] com.netflix.discovery.DiscoveryClient    : Starting heartbeat executor: renew interval is: 30
2026-02-24T12:29:32.861-03:00  INFO 21984 --- [msavaliadorcredito] [restartedMain] c.n.discovery.InstanceInfoReplicator     : InstanceInfoReplicator onDemand update allowed rate per min is 4
2026-02-24T12:29:32.863-03:00  INFO 21984 --- [msavaliadorcredito] [restartedMain] com.netflix.discovery.DiscoveryClient    : Discovery Client initialized at timestamp 1771946972862 with initial instances count: 3
2026-02-24T12:29:32.865-03:00  INFO 21984 --- [msavaliadorcredito] [restartedMain] o.s.c.n.e.s.EurekaServiceRegistry        : Registering application MSAVALIADORCREDITO with eureka with status UP
2026-02-24T12:29:32.866-03:00  INFO 21984 --- [msavaliadorcredito] [restartedMain] com.netflix.discovery.DiscoveryClient    : Saw local status change event StatusChangeEvent [timestamp=1771946972866, current=UP, previous=STARTING]
2026-02-24T12:29:32.867-03:00  INFO 21984 --- [msavaliadorcredito] [DiscoveryClient-InstanceInfoReplicator-%d] com.netflix.discovery.DiscoveryClient    : DiscoveryClient_MSAVALIADORCREDITO/msavaliadorcredito:d93791d8887409689167834c9ceba6ef: registering service...
2026-02-24T12:29:32.881-03:00  INFO 21984 --- [msavaliadorcredito] [restartedMain] c.g.d.m.MsavaliadorcreditoApplication    : Started MsavaliadorcreditoApplication in 4.029 seconds (process running for 4.572)
2026-02-24T12:29:32.971-03:00  INFO 21984 --- [msavaliadorcredito] [DiscoveryClient-InstanceInfoReplicator-%d] com.netflix.discovery.DiscoveryClient    : DiscoveryClient_MSAVALIADORCREDITO/msavaliadorcredito:d93791d8887409689167834c9ceba6ef - registration status: 204
2026-02-24T12:34:32.461-03:00  INFO 21984 --- [msavaliadorcredito] [AsyncResolver-bootstrap-executor-%d] c.n.d.s.r.aws.ConfigClusterResolver      : Resolving eureka endpoints via configuration
2026-02-24T12:39:32.465-03:00  INFO 21984 --- [msavaliadorcredito] [AsyncResolver-bootstrap-executor-%d] c.n.d.s.r.aws.ConfigClusterResolver      : Resolving eureka endpoints via configuration
2026-02-24T12:44:32.466-03:00  INFO 21984 --- [msavaliadorcredito] [AsyncResolver-bootstrap-executor-%d] c.n.d.s.r.aws.ConfigClusterResolver      : Resolving eureka endpoints via configuration
2026-02-24T12:49:32.471-03:00  INFO 21984 --- [msavaliadorcredito] [AsyncResolver-bootstrap-executor-%d] c.n.d.s.r.aws.ConfigClusterResolver      : Resolving eureka endpoints via configuration
2026-02-24T12:54:32.480-03:00  INFO 21984 --- [msavaliadorcredito] [AsyncResolver-bootstrap-executor-%d] c.n.d.s.r.aws.ConfigClusterResolver      : Resolving eureka endpoints via configuration
2026-02-24T12:59:32.494-03:00  INFO 21984 --- [msavaliadorcredito] [AsyncResolver-bootstrap-executor-%d] c.n.d.s.r.aws.ConfigClusterResolver      : Resolving eureka endpoints via configuration
2026-02-24T13:04:32.497-03:00  INFO 21984 --- [msavaliadorcredito] [AsyncResolver-bootstrap-executor-%d] c.n.d.s.r.aws.ConfigClusterResolver      : Resolving eureka endpoints via configuration
2026-02-24T13:09:32.513-03:00  INFO 21984 --- [msavaliadorcredito] [AsyncResolver-bootstrap-executor-%d] c.n.d.s.r.aws.ConfigClusterResolver      : Resolving eureka endpoints via configuration
2026-02-24T13:14:32.515-03:00  INFO 21984 --- [msavaliadorcredito] [AsyncResolver-bootstrap-executor-%d] c.n.d.s.r.aws.ConfigClusterResolver      : Resolving eureka endpoints via configuration
2026-02-24T13:19:32.524-03:00  INFO 21984 --- [msavaliadorcredito] [AsyncResolver-bootstrap-executor-%d] c.n.d.s.r.aws.ConfigClusterResolver      : Resolving eureka endpoints via configuration
2026-02-24T13:24:32.529-03:00  INFO 21984 --- [msavaliadorcredito] [AsyncResolver-bootstrap-executor-%d] c.n.d.s.r.aws.ConfigClusterResolver      : Resolving eureka endpoints via configuration
2026-02-24T13:29:11.413-03:00  INFO 21984 --- [msavaliadorcredito] [SpringApplicationShutdownHook] o.s.c.n.e.s.EurekaServiceRegistry        : Unregistering application MSAVALIADORCREDITO with eureka with status DOWN
2026-02-24T13:29:11.413-03:00  INFO 21984 --- [msavaliadorcredito] [SpringApplicationShutdownHook] com.netflix.discovery.DiscoveryClient    : Saw local status change event StatusChangeEvent [timestamp=1771950551413, current=DOWN, previous=UP]
2026-02-24T13:29:11.413-03:00  INFO 21984 --- [msavaliadorcredito] [DiscoveryClient-InstanceInfoReplicator-%d] com.netflix.discovery.DiscoveryClient    : DiscoveryClient_MSAVALIADORCREDITO/msavaliadorcredito:d93791d8887409689167834c9ceba6ef: registering service...
2026-02-24T13:29:11.418-03:00  INFO 21984 --- [msavaliadorcredito] [SpringApplicationShutdownHook] o.s.b.w.e.tomcat.GracefulShutdown        : Commencing graceful shutdown. Waiting for active requests to complete
2026-02-24T13:29:11.423-03:00  INFO 21984 --- [msavaliadorcredito] [tomcat-shutdown] o.s.b.w.e.tomcat.GracefulShutdown        : Graceful shutdown complete
2026-02-24T13:29:11.436-03:00  INFO 21984 --- [msavaliadorcredito] [SpringApplicationShutdownHook] com.netflix.discovery.DiscoveryClient    : Shutting down DiscoveryClient ...
2026-02-24T13:29:11.448-03:00  INFO 21984 --- [msavaliadorcredito] [DiscoveryClient-InstanceInfoReplicator-%d] c.n.d.s.t.d.RedirectingEurekaHttpClient  : Request execution error. endpoint=DefaultEndpoint{ serviceUrl='http://eureka-user:aismdoiam12@localhost:8761/eureka/} exception=I/O error on POST request for "http://localhost:8761/eureka/apps/MSAVALIADORCREDITO": Connect to http://localhost:8761 failed: Connection refused: getsockopt stacktrace=org.springframework.web.client.ResourceAccessException: I/O error on POST request for "http://localhost:8761/eureka/apps/MSAVALIADORCREDITO": Connect to http://localhost:8761 failed: Connection refused: getsockopt
	at org.springframework.web.client.RestTemplate.createResourceAccessException(RestTemplate.java:926)
	at org.springframework.web.client.RestTemplate.doExecute(RestTemplate.java:906)
	at org.springframework.web.client.RestTemplate.execute(RestTemplate.java:841)
	at org.springframework.web.client.RestTemplate.exchange(RestTemplate.java:702)
	at org.springframework.cloud.netflix.eureka.http.RestTemplateEurekaHttpClient.register(RestTemplateEurekaHttpClient.java:87)
	at com.netflix.discovery.shared.transport.decorator.EurekaHttpClientDecorator$1.execute(EurekaHttpClientDecorator.java:59)
	at com.netflix.discovery.shared.transport.decorator.RedirectingEurekaHttpClient.execute(RedirectingEurekaHttpClient.java:91)
	at com.netflix.discovery.shared.transport.decorator.EurekaHttpClientDecorator.register(EurekaHttpClientDecorator.java:56)
	at com.netflix.discovery.shared.transport.decorator.EurekaHttpClientDecorator$1.execute(EurekaHttpClientDecorator.java:59)
	at com.netflix.discovery.shared.transport.decorator.RetryableEurekaHttpClient.execute(RetryableEurekaHttpClient.java:120)
	at com.netflix.discovery.shared.transport.decorator.EurekaHttpClientDecorator.register(EurekaHttpClientDecorator.java:56)
	at com.netflix.discovery.shared.transport.decorator.EurekaHttpClientDecorator$1.execute(EurekaHttpClientDecorator.java:59)
	at com.netflix.discovery.shared.transport.decorator.SessionedEurekaHttpClient.execute(SessionedEurekaHttpClient.java:76)
	at com.netflix.discovery.shared.transport.decorator.EurekaHttpClientDecorator.register(EurekaHttpClientDecorator.java:56)
	at com.netflix.discovery.DiscoveryClient.register(DiscoveryClient.java:828)
	at com.netflix.discovery.InstanceInfoReplicator.run(InstanceInfoReplicator.java:125)
	at com.netflix.discovery.InstanceInfoReplicator$2.run(InstanceInfoReplicator.java:105)
	at java.base/java.util.concurrent.Executors$RunnableAdapter.call(Executors.java:572)
	at java.base/java.util.concurrent.FutureTask.run(FutureTask.java:317)
	at java.base/java.util.concurrent.ScheduledThreadPoolExecutor$ScheduledFutureTask.run(ScheduledThreadPoolExecutor.java:304)
	at java.base/java.util.concurrent.ThreadPoolExecutor.runWorker(ThreadPoolExecutor.java:1144)
	at java.base/java.util.concurrent.ThreadPoolExecutor$Worker.run(ThreadPoolExecutor.java:642)
	at java.base/java.lang.Thread.run(Thread.java:1583)
Caused by: org.apache.hc.client5.http.HttpHostConnectException: Connect to http://localhost:8761 failed: Connection refused: getsockopt
	at java.base/sun.nio.ch.Net.pollConnect(Native Method)
	at java.base/sun.nio.ch.Net.pollConnectNow(Net.java:682)
	at java.base/sun.nio.ch.NioSocketImpl.timedFinishConnect(NioSocketImpl.java:542)
	at java.base/sun.nio.ch.NioSocketImpl.connect(NioSocketImpl.java:592)
	at java.base/java.net.SocksSocketImpl.connect(SocksSocketImpl.java:327)
	at java.base/java.net.Socket.connect(Socket.java:751)
	at org.apache.hc.client5.http.impl.io.DefaultHttpClientConnectionOperator.connect(DefaultHttpClientConnectionOperator.java:215)
	at org.apache.hc.client5.http.impl.io.PoolingHttpClientConnectionManager.connect(PoolingHttpClientConnectionManager.java:497)
	at org.apache.hc.client5.http.impl.classic.InternalExecRuntime.connectEndpoint(InternalExecRuntime.java:164)
	at org.apache.hc.client5.http.impl.classic.InternalExecRuntime.connectEndpoint(InternalExecRuntime.java:174)
	at org.apache.hc.client5.http.impl.classic.ConnectExec.execute(ConnectExec.java:144)
	at org.apache.hc.client5.http.impl.classic.ExecChainElement.execute(ExecChainElement.java:51)
	at org.apache.hc.client5.http.impl.classic.ProtocolExec.execute(ProtocolExec.java:195)
	at org.apache.hc.client5.http.impl.classic.ExecChainElement.execute(ExecChainElement.java:51)
	at org.apache.hc.client5.http.impl.classic.ContentCompressionExec.execute(ContentCompressionExec.java:151)
	at org.apache.hc.client5.http.impl.classic.ExecChainElement.execute(ExecChainElement.java:51)
	at org.apache.hc.client5.http.impl.classic.HttpRequestRetryExec.execute(HttpRequestRetryExec.java:112)
	at org.apache.hc.client5.http.impl.classic.ExecChainElement.execute(ExecChainElement.java:51)
	at org.apache.hc.client5.http.impl.classic.RedirectExec.execute(RedirectExec.java:110)
	at org.apache.hc.client5.http.impl.classic.ExecChainElement.execute(ExecChainElement.java:51)
	at org.apache.hc.client5.http.impl.classic.InternalHttpClient.doExecute(InternalHttpClient.java:185)
	at org.apache.hc.client5.http.impl.classic.CloseableHttpClient.execute(CloseableHttpClient.java:87)
	at org.apache.hc.client5.http.impl.classic.CloseableHttpClient.execute(CloseableHttpClient.java:55)
	at org.apache.hc.client5.http.classic.HttpClient.executeOpen(HttpClient.java:183)
	at org.springframework.http.client.HttpComponentsClientHttpRequest.executeInternal(HttpComponentsClientHttpRequest.java:99)
	at org.springframework.http.client.AbstractStreamingClientHttpRequest.executeInternal(AbstractStreamingClientHttpRequest.java:88)
	at org.springframework.http.client.AbstractClientHttpRequest.execute(AbstractClientHttpRequest.java:81)
	at org.springframework.http.client.InterceptingClientHttpRequest$InterceptingRequestExecution.execute(InterceptingClientHttpRequest.java:117)
	at org.springframework.cloud.netflix.eureka.http.RestTemplateTransportClientFactory.lambda$restTemplate$2(RestTemplateTransportClientFactory.java:145)
	at org.springframework.http.client.InterceptingClientHttpRequest$InterceptingRequestExecution.execute(InterceptingClientHttpRequest.java:88)
	at org.springframework.http.client.support.BasicAuthenticationInterceptor.intercept(BasicAuthenticationInterceptor.java:79)
	at org.springframework.http.client.InterceptingClientHttpRequest$InterceptingRequestExecution.execute(InterceptingClientHttpRequest.java:88)
	at org.springframework.http.client.InterceptingClientHttpRequest.executeInternal(InterceptingClientHttpRequest.java:72)
	at org.springframework.http.client.AbstractBufferingClientHttpRequest.executeInternal(AbstractBufferingClientHttpRequest.java:48)
	at org.springframework.http.client.AbstractClientHttpRequest.execute(AbstractClientHttpRequest.java:81)
	at org.springframework.web.client.RestTemplate.doExecute(RestTemplate.java:900)
	... 21 more

2026-02-24T13:29:11.448-03:00  WARN 21984 --- [msavaliadorcredito] [DiscoveryClient-InstanceInfoReplicator-%d] c.n.d.s.t.d.RetryableEurekaHttpClient    : Request execution failed with message: I/O error on POST request for "http://localhost:8761/eureka/apps/MSAVALIADORCREDITO": Connect to http://localhost:8761 failed: Connection refused: getsockopt
2026-02-24T13:29:11.454-03:00  INFO 21984 --- [msavaliadorcredito] [DiscoveryClient-InstanceInfoReplicator-%d] c.n.d.s.t.d.RedirectingEurekaHttpClient  : Request execution error. endpoint=DefaultEndpoint{ serviceUrl='http://eureka-user:aismdoiam12@localhost:8761/eureka/}, exception=I/O error on POST request for "http://localhost:8761/eureka/apps/MSAVALIADORCREDITO": Connect to http://localhost:8761 failed: Connection refused: getsockopt stacktrace=org.springframework.web.client.ResourceAccessException: I/O error on POST request for "http://localhost:8761/eureka/apps/MSAVALIADORCREDITO": Connect to http://localhost:8761 failed: Connection refused: getsockopt
	at org.springframework.web.client.RestTemplate.createResourceAccessException(RestTemplate.java:926)
	at org.springframework.web.client.RestTemplate.doExecute(RestTemplate.java:906)
	at org.springframework.web.client.RestTemplate.execute(RestTemplate.java:841)
	at org.springframework.web.client.RestTemplate.exchange(RestTemplate.java:702)
	at org.springframework.cloud.netflix.eureka.http.RestTemplateEurekaHttpClient.register(RestTemplateEurekaHttpClient.java:87)
	at com.netflix.discovery.shared.transport.decorator.EurekaHttpClientDecorator$1.execute(EurekaHttpClientDecorator.java:59)
	at com.netflix.discovery.shared.transport.decorator.RedirectingEurekaHttpClient.executeOnNewServer(RedirectingEurekaHttpClient.java:121)
	at com.netflix.discovery.shared.transport.decorator.RedirectingEurekaHttpClient.execute(RedirectingEurekaHttpClient.java:80)
	at com.netflix.discovery.shared.transport.decorator.EurekaHttpClientDecorator.register(EurekaHttpClientDecorator.java:56)
	at com.netflix.discovery.shared.transport.decorator.EurekaHttpClientDecorator$1.execute(EurekaHttpClientDecorator.java:59)
	at com.netflix.discovery.shared.transport.decorator.RetryableEurekaHttpClient.execute(RetryableEurekaHttpClient.java:120)
	at com.netflix.discovery.shared.transport.decorator.EurekaHttpClientDecorator.register(EurekaHttpClientDecorator.java:56)
	at com.netflix.discovery.shared.transport.decorator.EurekaHttpClientDecorator$1.execute(EurekaHttpClientDecorator.java:59)
	at com.netflix.discovery.shared.transport.decorator.SessionedEurekaHttpClient.execute(SessionedEurekaHttpClient.java:76)
	at com.netflix.discovery.shared.transport.decorator.EurekaHttpClientDecorator.register(EurekaHttpClientDecorator.java:56)
	at com.netflix.discovery.DiscoveryClient.register(DiscoveryClient.java:828)
	at com.netflix.discovery.InstanceInfoReplicator.run(InstanceInfoReplicator.java:125)
	at com.netflix.discovery.InstanceInfoReplicator$2.run(InstanceInfoReplicator.java:105)
	at java.base/java.util.concurrent.Executors$RunnableAdapter.call(Executors.java:572)
	at java.base/java.util.concurrent.FutureTask.run(FutureTask.java:317)
	at java.base/java.util.concurrent.ScheduledThreadPoolExecutor$ScheduledFutureTask.run(ScheduledThreadPoolExecutor.java:304)
	at java.base/java.util.concurrent.ThreadPoolExecutor.runWorker(ThreadPoolExecutor.java:1144)
	at java.base/java.util.concurrent.ThreadPoolExecutor$Worker.run(ThreadPoolExecutor.java:642)
	at java.base/java.lang.Thread.run(Thread.java:1583)
Caused by: org.apache.hc.client5.http.HttpHostConnectException: Connect to http://localhost:8761 failed: Connection refused: getsockopt
	at java.base/sun.nio.ch.Net.pollConnect(Native Method)
	at java.base/sun.nio.ch.Net.pollConnectNow(Net.java:682)
	at java.base/sun.nio.ch.NioSocketImpl.timedFinishConnect(NioSocketImpl.java:542)
	at java.base/sun.nio.ch.NioSocketImpl.connect(NioSocketImpl.java:592)
	at java.base/java.net.SocksSocketImpl.connect(SocksSocketImpl.java:327)
	at java.base/java.net.Socket.connect(Socket.java:751)
	at org.apache.hc.client5.http.impl.io.DefaultHttpClientConnectionOperator.connect(DefaultHttpClientConnectionOperator.java:215)
	at org.apache.hc.client5.http.impl.io.PoolingHttpClientConnectionManager.connect(PoolingHttpClientConnectionManager.java:497)
	at org.apache.hc.client5.http.impl.classic.InternalExecRuntime.connectEndpoint(InternalExecRuntime.java:164)
	at org.apache.hc.client5.http.impl.classic.InternalExecRuntime.connectEndpoint(InternalExecRuntime.java:174)
	at org.apache.hc.client5.http.impl.classic.ConnectExec.execute(ConnectExec.java:144)
	at org.apache.hc.client5.http.impl.classic.ExecChainElement.execute(ExecChainElement.java:51)
	at org.apache.hc.client5.http.impl.classic.ProtocolExec.execute(ProtocolExec.java:195)
	at org.apache.hc.client5.http.impl.classic.ExecChainElement.execute(ExecChainElement.java:51)
	at org.apache.hc.client5.http.impl.classic.ContentCompressionExec.execute(ContentCompressionExec.java:151)
	at org.apache.hc.client5.http.impl.classic.ExecChainElement.execute(ExecChainElement.java:51)
	at org.apache.hc.client5.http.impl.classic.HttpRequestRetryExec.execute(HttpRequestRetryExec.java:112)
	at org.apache.hc.client5.http.impl.classic.ExecChainElement.execute(ExecChainElement.java:51)
	at org.apache.hc.client5.http.impl.classic.RedirectExec.execute(RedirectExec.java:110)
	at org.apache.hc.client5.http.impl.classic.ExecChainElement.execute(ExecChainElement.java:51)
	at org.apache.hc.client5.http.impl.classic.InternalHttpClient.doExecute(InternalHttpClient.java:185)
	at org.apache.hc.client5.http.impl.classic.CloseableHttpClient.execute(CloseableHttpClient.java:87)
	at org.apache.hc.client5.http.impl.classic.CloseableHttpClient.execute(CloseableHttpClient.java:55)
	at org.apache.hc.client5.http.classic.HttpClient.executeOpen(HttpClient.java:183)
	at org.springframework.http.client.HttpComponentsClientHttpRequest.executeInternal(HttpComponentsClientHttpRequest.java:99)
	at org.springframework.http.client.AbstractStreamingClientHttpRequest.executeInternal(AbstractStreamingClientHttpRequest.java:88)
	at org.springframework.http.client.AbstractClientHttpRequest.execute(AbstractClientHttpRequest.java:81)
	at org.springframework.http.client.InterceptingClientHttpRequest$InterceptingRequestExecution.execute(InterceptingClientHttpRequest.java:117)
	at org.springframework.cloud.netflix.eureka.http.RestTemplateTransportClientFactory.lambda$restTemplate$2(RestTemplateTransportClientFactory.java:145)
	at org.springframework.http.client.InterceptingClientHttpRequest$InterceptingRequestExecution.execute(InterceptingClientHttpRequest.java:88)
	at org.springframework.http.client.support.BasicAuthenticationInterceptor.intercept(BasicAuthenticationInterceptor.java:79)
	at org.springframework.http.client.InterceptingClientHttpRequest$InterceptingRequestExecution.execute(InterceptingClientHttpRequest.java:88)
	at org.springframework.http.client.InterceptingClientHttpRequest.executeInternal(InterceptingClientHttpRequest.java:72)
	at org.springframework.http.client.AbstractBufferingClientHttpRequest.executeInternal(AbstractBufferingClientHttpRequest.java:48)
	at org.springframework.http.client.AbstractClientHttpRequest.execute(AbstractClientHttpRequest.java:81)
	at org.springframework.web.client.RestTemplate.doExecute(RestTemplate.java:900)
	... 22 more

2026-02-24T13:29:11.455-03:00  WARN 21984 --- [msavaliadorcredito] [DiscoveryClient-InstanceInfoReplicator-%d] c.n.d.s.t.d.RetryableEurekaHttpClient    : Request execution failed with message: I/O error on POST request for "http://localhost:8761/eureka/apps/MSAVALIADORCREDITO": Connect to http://localhost:8761 failed: Connection refused: getsockopt
2026-02-24T13:29:11.455-03:00  WARN 21984 --- [msavaliadorcredito] [DiscoveryClient-InstanceInfoReplicator-%d] com.netflix.discovery.DiscoveryClient    : DiscoveryClient_MSAVALIADORCREDITO/msavaliadorcredito:d93791d8887409689167834c9ceba6ef - registration failed Cannot execute request on any known server

com.netflix.discovery.shared.transport.TransportException: Cannot execute request on any known server
	at com.netflix.discovery.shared.transport.decorator.RetryableEurekaHttpClient.execute(RetryableEurekaHttpClient.java:112) ~[eureka-client-2.0.5.jar:2.0.5]
	at com.netflix.discovery.shared.transport.decorator.EurekaHttpClientDecorator.register(EurekaHttpClientDecorator.java:56) ~[eureka-client-2.0.5.jar:2.0.5]
	at com.netflix.discovery.shared.transport.decorator.EurekaHttpClientDecorator$1.execute(EurekaHttpClientDecorator.java:59) ~[eureka-client-2.0.5.jar:2.0.5]
	at com.netflix.discovery.shared.transport.decorator.SessionedEurekaHttpClient.execute(SessionedEurekaHttpClient.java:76) ~[eureka-client-2.0.5.jar:2.0.5]
	at com.netflix.discovery.shared.transport.decorator.EurekaHttpClientDecorator.register(EurekaHttpClientDecorator.java:56) ~[eureka-client-2.0.5.jar:2.0.5]
	at com.netflix.discovery.DiscoveryClient.register(DiscoveryClient.java:828) ~[eureka-client-2.0.5.jar:2.0.5]
	at com.netflix.discovery.InstanceInfoReplicator.run(InstanceInfoReplicator.java:125) ~[eureka-client-2.0.5.jar:2.0.5]
	at com.netflix.discovery.InstanceInfoReplicator$2.run(InstanceInfoReplicator.java:105) ~[eureka-client-2.0.5.jar:2.0.5]
	at java.base/java.util.concurrent.Executors$RunnableAdapter.call(Executors.java:572) ~[na:na]
	at java.base/java.util.concurrent.FutureTask.run(FutureTask.java:317) ~[na:na]
	at java.base/java.util.concurrent.ScheduledThreadPoolExecutor$ScheduledFutureTask.run(ScheduledThreadPoolExecutor.java:304) ~[na:na]
	at java.base/java.util.concurrent.ThreadPoolExecutor.runWorker(ThreadPoolExecutor.java:1144) ~[na:na]
	at java.base/java.util.concurrent.ThreadPoolExecutor$Worker.run(ThreadPoolExecutor.java:642) ~[na:na]
	at java.base/java.lang.Thread.run(Thread.java:1583) ~[na:na]

2026-02-24T13:29:11.459-03:00  WARN 21984 --- [msavaliadorcredito] [DiscoveryClient-InstanceInfoReplicator-%d] c.n.discovery.InstanceInfoReplicator     : There was a problem with the instance info replicator

com.netflix.discovery.shared.transport.TransportException: Cannot execute request on any known server
	at com.netflix.discovery.shared.transport.decorator.RetryableEurekaHttpClient.execute(RetryableEurekaHttpClient.java:112) ~[eureka-client-2.0.5.jar:2.0.5]
	at com.netflix.discovery.shared.transport.decorator.EurekaHttpClientDecorator.register(EurekaHttpClientDecorator.java:56) ~[eureka-client-2.0.5.jar:2.0.5]
	at com.netflix.discovery.shared.transport.decorator.EurekaHttpClientDecorator$1.execute(EurekaHttpClientDecorator.java:59) ~[eureka-client-2.0.5.jar:2.0.5]
	at com.netflix.discovery.shared.transport.decorator.SessionedEurekaHttpClient.execute(SessionedEurekaHttpClient.java:76) ~[eureka-client-2.0.5.jar:2.0.5]
	at com.netflix.discovery.shared.transport.decorator.EurekaHttpClientDecorator.register(EurekaHttpClientDecorator.java:56) ~[eureka-client-2.0.5.jar:2.0.5]
	at com.netflix.discovery.DiscoveryClient.register(DiscoveryClient.java:828) ~[eureka-client-2.0.5.jar:2.0.5]
	at com.netflix.discovery.InstanceInfoReplicator.run(InstanceInfoReplicator.java:125) ~[eureka-client-2.0.5.jar:2.0.5]
	at com.netflix.discovery.InstanceInfoReplicator$2.run(InstanceInfoReplicator.java:105) ~[eureka-client-2.0.5.jar:2.0.5]
	at java.base/java.util.concurrent.Executors$RunnableAdapter.call(Executors.java:572) ~[na:na]
	at java.base/java.util.concurrent.FutureTask.run(FutureTask.java:317) ~[na:na]
	at java.base/java.util.concurrent.ScheduledThreadPoolExecutor$ScheduledFutureTask.run(ScheduledThreadPoolExecutor.java:304) ~[na:na]
	at java.base/java.util.concurrent.ThreadPoolExecutor.runWorker(ThreadPoolExecutor.java:1144) ~[na:na]
	at java.base/java.util.concurrent.ThreadPoolExecutor$Worker.run(ThreadPoolExecutor.java:642) ~[na:na]
	at java.base/java.lang.Thread.run(Thread.java:1583) ~[na:na]

2026-02-24T13:29:11.460-03:00  INFO 21984 --- [msavaliadorcredito] [SpringApplicationShutdownHook] com.netflix.discovery.DiscoveryClient    : Unregistering ...
2026-02-24T13:29:11.464-03:00  INFO 21984 --- [msavaliadorcredito] [SpringApplicationShutdownHook] c.n.d.s.t.d.RedirectingEurekaHttpClient  : Request execution error. endpoint=DefaultEndpoint{ serviceUrl='http://eureka-user:aismdoiam12@localhost:8761/eureka/}, exception=I/O error on DELETE request for "http://localhost:8761/eureka/apps/MSAVALIADORCREDITO/msavaliadorcredito:d93791d8887409689167834c9ceba6ef": Connect to http://localhost:8761 failed: Connection refused: getsockopt stacktrace=org.springframework.web.client.ResourceAccessException: I/O error on DELETE request for "http://localhost:8761/eureka/apps/MSAVALIADORCREDITO/msavaliadorcredito:d93791d8887409689167834c9ceba6ef": Connect to http://localhost:8761 failed: Connection refused: getsockopt
	at org.springframework.web.client.RestTemplate.createResourceAccessException(RestTemplate.java:926)
	at org.springframework.web.client.RestTemplate.doExecute(RestTemplate.java:906)
	at org.springframework.web.client.RestTemplate.execute(RestTemplate.java:841)
	at org.springframework.web.client.RestTemplate.exchange(RestTemplate.java:702)
	at org.springframework.cloud.netflix.eureka.http.RestTemplateEurekaHttpClient.cancel(RestTemplateEurekaHttpClient.java:100)
	at com.netflix.discovery.shared.transport.decorator.EurekaHttpClientDecorator$2.execute(EurekaHttpClientDecorator.java:74)
	at com.netflix.discovery.shared.transport.decorator.RedirectingEurekaHttpClient.executeOnNewServer(RedirectingEurekaHttpClient.java:121)
	at com.netflix.discovery.shared.transport.decorator.RedirectingEurekaHttpClient.execute(RedirectingEurekaHttpClient.java:80)
	at com.netflix.discovery.shared.transport.decorator.EurekaHttpClientDecorator.cancel(EurekaHttpClientDecorator.java:71)
	at com.netflix.discovery.shared.transport.decorator.EurekaHttpClientDecorator$2.execute(EurekaHttpClientDecorator.java:74)
	at com.netflix.discovery.shared.transport.decorator.RetryableEurekaHttpClient.execute(RetryableEurekaHttpClient.java:120)
	at com.netflix.discovery.shared.transport.decorator.EurekaHttpClientDecorator.cancel(EurekaHttpClientDecorator.java:71)
	at com.netflix.discovery.shared.transport.decorator.EurekaHttpClientDecorator$2.execute(EurekaHttpClientDecorator.java:74)
	at com.netflix.discovery.shared.transport.decorator.SessionedEurekaHttpClient.execute(SessionedEurekaHttpClient.java:76)
	at com.netflix.discovery.shared.transport.decorator.EurekaHttpClientDecorator.cancel(EurekaHttpClientDecorator.java:71)
	at com.netflix.discovery.DiscoveryClient.unregister(DiscoveryClient.java:919)
	at com.netflix.discovery.DiscoveryClient.shutdown(DiscoveryClient.java:900)
	at java.base/jdk.internal.reflect.DirectMethodHandleAccessor.invoke(DirectMethodHandleAccessor.java:103)
	at java.base/java.lang.reflect.Method.invoke(Method.java:580)
	at org.springframework.beans.factory.annotation.InitDestroyAnnotationBeanPostProcessor$LifecycleMethod.invoke(InitDestroyAnnotationBeanPostProcessor.java:457)
	at org.springframework.beans.factory.annotation.InitDestroyAnnotationBeanPostProcessor$LifecycleMetadata.invokeDestroyMethods(InitDestroyAnnotationBeanPostProcessor.java:415)
	at org.springframework.beans.factory.annotation.InitDestroyAnnotationBeanPostProcessor.postProcessBeforeDestruction(InitDestroyAnnotationBeanPostProcessor.java:239)
	at org.springframework.beans.factory.support.DisposableBeanAdapter.destroy(DisposableBeanAdapter.java:203)
	at org.springframework.beans.factory.support.DisposableBeanAdapter.run(DisposableBeanAdapter.java:196)
	at org.springframework.cloud.context.scope.GenericScope$BeanLifecycleWrapper.destroy(GenericScope.java:387)
	at org.springframework.cloud.context.scope.GenericScope.destroy(GenericScope.java:134)
	at org.springframework.beans.factory.support.DisposableBeanAdapter.destroy(DisposableBeanAdapter.java:212)
	at org.springframework.beans.factory.support.DefaultSingletonBeanRegistry.destroyBean(DefaultSingletonBeanRegistry.java:798)
	at org.springframework.beans.factory.support.DefaultSingletonBeanRegistry.destroySingleton(DefaultSingletonBeanRegistry.java:748)
	at org.springframework.beans.factory.support.DefaultListableBeanFactory.destroySingleton(DefaultListableBeanFactory.java:1499)
	at org.springframework.beans.factory.support.DefaultSingletonBeanRegistry.destroySingletons(DefaultSingletonBeanRegistry.java:707)
	at org.springframework.beans.factory.support.DefaultListableBeanFactory.destroySingletons(DefaultListableBeanFactory.java:1492)
	at org.springframework.context.support.AbstractApplicationContext.destroyBeans(AbstractApplicationContext.java:1222)
	at org.springframework.context.support.AbstractApplicationContext.doClose(AbstractApplicationContext.java:1183)
	at org.springframework.boot.web.servlet.context.ServletWebServerApplicationContext.doClose(ServletWebServerApplicationContext.java:179)
	at org.springframework.context.support.AbstractApplicationContext.close(AbstractApplicationContext.java:1129)
	at org.springframework.boot.SpringApplicationShutdownHook.closeAndWait(SpringApplicationShutdownHook.java:147)
	at java.base/java.lang.Iterable.forEach(Iterable.java:75)
	at org.springframework.boot.SpringApplicationShutdownHook.run(SpringApplicationShutdownHook.java:116)
	at java.base/java.lang.Thread.run(Thread.java:1583)
Caused by: org.apache.hc.client5.http.HttpHostConnectException: Connect to http://localhost:8761 failed: Connection refused: getsockopt
	at java.base/sun.nio.ch.Net.pollConnect(Native Method)
	at java.base/sun.nio.ch.Net.pollConnectNow(Net.java:682)
	at java.base/sun.nio.ch.NioSocketImpl.timedFinishConnect(NioSocketImpl.java:542)
	at java.base/sun.nio.ch.NioSocketImpl.connect(NioSocketImpl.java:592)
	at java.base/java.net.SocksSocketImpl.connect(SocksSocketImpl.java:327)
	at java.base/java.net.Socket.connect(Socket.java:751)
	at org.apache.hc.client5.http.impl.io.DefaultHttpClientConnectionOperator.connect(DefaultHttpClientConnectionOperator.java:215)
	at org.apache.hc.client5.http.impl.io.PoolingHttpClientConnectionManager.connect(PoolingHttpClientConnectionManager.java:497)
	at org.apache.hc.client5.http.impl.classic.InternalExecRuntime.connectEndpoint(InternalExecRuntime.java:164)
	at org.apache.hc.client5.http.impl.classic.InternalExecRuntime.connectEndpoint(InternalExecRuntime.java:174)
	at org.apache.hc.client5.http.impl.classic.ConnectExec.execute(ConnectExec.java:144)
	at org.apache.hc.client5.http.impl.classic.ExecChainElement.execute(ExecChainElement.java:51)
	at org.apache.hc.client5.http.impl.classic.ProtocolExec.execute(ProtocolExec.java:195)
	at org.apache.hc.client5.http.impl.classic.ExecChainElement.execute(ExecChainElement.java:51)
	at org.apache.hc.client5.http.impl.classic.ContentCompressionExec.execute(ContentCompressionExec.java:151)
	at org.apache.hc.client5.http.impl.classic.ExecChainElement.execute(ExecChainElement.java:51)
	at org.apache.hc.client5.http.impl.classic.HttpRequestRetryExec.execute(HttpRequestRetryExec.java:112)
	at org.apache.hc.client5.http.impl.classic.ExecChainElement.execute(ExecChainElement.java:51)
	at org.apache.hc.client5.http.impl.classic.RedirectExec.execute(RedirectExec.java:110)
	at org.apache.hc.client5.http.impl.classic.ExecChainElement.execute(ExecChainElement.java:51)
	at org.apache.hc.client5.http.impl.classic.InternalHttpClient.doExecute(InternalHttpClient.java:185)
	at org.apache.hc.client5.http.impl.classic.CloseableHttpClient.execute(CloseableHttpClient.java:87)
	at org.apache.hc.client5.http.impl.classic.CloseableHttpClient.execute(CloseableHttpClient.java:55)
	at org.apache.hc.client5.http.classic.HttpClient.executeOpen(HttpClient.java:183)
	at org.springframework.http.client.HttpComponentsClientHttpRequest.executeInternal(HttpComponentsClientHttpRequest.java:99)
	at org.springframework.http.client.AbstractStreamingClientHttpRequest.executeInternal(AbstractStreamingClientHttpRequest.java:88)
	at org.springframework.http.client.AbstractClientHttpRequest.execute(AbstractClientHttpRequest.java:81)
	at org.springframework.http.client.InterceptingClientHttpRequest$InterceptingRequestExecution.execute(InterceptingClientHttpRequest.java:117)
	at org.springframework.cloud.netflix.eureka.http.RestTemplateTransportClientFactory.lambda$restTemplate$2(RestTemplateTransportClientFactory.java:145)
	at org.springframework.http.client.InterceptingClientHttpRequest$InterceptingRequestExecution.execute(InterceptingClientHttpRequest.java:88)
	at org.springframework.http.client.support.BasicAuthenticationInterceptor.intercept(BasicAuthenticationInterceptor.java:79)
	at org.springframework.http.client.InterceptingClientHttpRequest$InterceptingRequestExecution.execute(InterceptingClientHttpRequest.java:88)
	at org.springframework.http.client.InterceptingClientHttpRequest.executeInternal(InterceptingClientHttpRequest.java:72)
	at org.springframework.http.client.AbstractBufferingClientHttpRequest.executeInternal(AbstractBufferingClientHttpRequest.java:48)
	at org.springframework.http.client.AbstractClientHttpRequest.execute(AbstractClientHttpRequest.java:81)
	at org.springframework.web.client.RestTemplate.doExecute(RestTemplate.java:900)
	... 38 more

2026-02-24T13:29:11.464-03:00  WARN 21984 --- [msavaliadorcredito] [SpringApplicationShutdownHook] c.n.d.s.t.d.RetryableEurekaHttpClient    : Request execution failed with message: I/O error on DELETE request for "http://localhost:8761/eureka/apps/MSAVALIADORCREDITO/msavaliadorcredito:d93791d8887409689167834c9ceba6ef": Connect to http://localhost:8761 failed: Connection refused: getsockopt
2026-02-24T13:29:11.464-03:00 ERROR 21984 --- [msavaliadorcredito] [SpringApplicationShutdownHook] com.netflix.discovery.DiscoveryClient    : DiscoveryClient_MSAVALIADORCREDITO/msavaliadorcredito:d93791d8887409689167834c9ceba6ef - de-registration failedCannot execute request on any known server

com.netflix.discovery.shared.transport.TransportException: Cannot execute request on any known server
	at com.netflix.discovery.shared.transport.decorator.RetryableEurekaHttpClient.execute(RetryableEurekaHttpClient.java:112) ~[eureka-client-2.0.5.jar:2.0.5]
	at com.netflix.discovery.shared.transport.decorator.EurekaHttpClientDecorator.cancel(EurekaHttpClientDecorator.java:71) ~[eureka-client-2.0.5.jar:2.0.5]
	at com.netflix.discovery.shared.transport.decorator.EurekaHttpClientDecorator$2.execute(EurekaHttpClientDecorator.java:74) ~[eureka-client-2.0.5.jar:2.0.5]
	at com.netflix.discovery.shared.transport.decorator.SessionedEurekaHttpClient.execute(SessionedEurekaHttpClient.java:76) ~[eureka-client-2.0.5.jar:2.0.5]
	at com.netflix.discovery.shared.transport.decorator.EurekaHttpClientDecorator.cancel(EurekaHttpClientDecorator.java:71) ~[eureka-client-2.0.5.jar:2.0.5]
	at com.netflix.discovery.DiscoveryClient.unregister(DiscoveryClient.java:919) ~[eureka-client-2.0.5.jar:2.0.5]
	at com.netflix.discovery.DiscoveryClient.shutdown(DiscoveryClient.java:900) ~[eureka-client-2.0.5.jar:2.0.5]
	at java.base/jdk.internal.reflect.DirectMethodHandleAccessor.invoke(DirectMethodHandleAccessor.java:103) ~[na:na]
	at java.base/java.lang.reflect.Method.invoke(Method.java:580) ~[na:na]
	at org.springframework.beans.factory.annotation.InitDestroyAnnotationBeanPostProcessor$LifecycleMethod.invoke(InitDestroyAnnotationBeanPostProcessor.java:457) ~[spring-beans-6.2.15.jar:6.2.15]
	at org.springframework.beans.factory.annotation.InitDestroyAnnotationBeanPostProcessor$LifecycleMetadata.invokeDestroyMethods(InitDestroyAnnotationBeanPostProcessor.java:415) ~[spring-beans-6.2.15.jar:6.2.15]
	at org.springframework.beans.factory.annotation.InitDestroyAnnotationBeanPostProcessor.postProcessBeforeDestruction(InitDestroyAnnotationBeanPostProcessor.java:239) ~[spring-beans-6.2.15.jar:6.2.15]
	at org.springframework.beans.factory.support.DisposableBeanAdapter.destroy(DisposableBeanAdapter.java:203) ~[spring-beans-6.2.15.jar:6.2.15]
	at org.springframework.beans.factory.support.DisposableBeanAdapter.run(DisposableBeanAdapter.java:196) ~[spring-beans-6.2.15.jar:6.2.15]
	at org.springframework.cloud.context.scope.GenericScope$BeanLifecycleWrapper.destroy(GenericScope.java:387) ~[spring-cloud-context-4.3.1.jar:4.3.1]
	at org.springframework.cloud.context.scope.GenericScope.destroy(GenericScope.java:134) ~[spring-cloud-context-4.3.1.jar:4.3.1]
	at org.springframework.beans.factory.support.DisposableBeanAdapter.destroy(DisposableBeanAdapter.java:212) ~[spring-beans-6.2.15.jar:6.2.15]
	at org.springframework.beans.factory.support.DefaultSingletonBeanRegistry.destroyBean(DefaultSingletonBeanRegistry.java:798) ~[spring-beans-6.2.15.jar:6.2.15]
	at org.springframework.beans.factory.support.DefaultSingletonBeanRegistry.destroySingleton(DefaultSingletonBeanRegistry.java:748) ~[spring-beans-6.2.15.jar:6.2.15]
	at org.springframework.beans.factory.support.DefaultListableBeanFactory.destroySingleton(DefaultListableBeanFactory.java:1499) ~[spring-beans-6.2.15.jar:6.2.15]
	at org.springframework.beans.factory.support.DefaultSingletonBeanRegistry.destroySingletons(DefaultSingletonBeanRegistry.java:707) ~[spring-beans-6.2.15.jar:6.2.15]
	at org.springframework.beans.factory.support.DefaultListableBeanFactory.destroySingletons(DefaultListableBeanFactory.java:1492) ~[spring-beans-6.2.15.jar:6.2.15]
	at org.springframework.context.support.AbstractApplicationContext.destroyBeans(AbstractApplicationContext.java:1222) ~[spring-context-6.2.15.jar:6.2.15]
	at org.springframework.context.support.AbstractApplicationContext.doClose(AbstractApplicationContext.java:1183) ~[spring-context-6.2.15.jar:6.2.15]
	at org.springframework.boot.web.servlet.context.ServletWebServerApplicationContext.doClose(ServletWebServerApplicationContext.java:179) ~[spring-boot-3.5.9.jar:3.5.9]
	at org.springframework.context.support.AbstractApplicationContext.close(AbstractApplicationContext.java:1129) ~[spring-context-6.2.15.jar:6.2.15]
	at org.springframework.boot.SpringApplicationShutdownHook.closeAndWait(SpringApplicationShutdownHook.java:147) ~[spring-boot-3.5.9.jar:3.5.9]
	at java.base/java.lang.Iterable.forEach(Iterable.java:75) ~[na:na]
	at org.springframework.boot.SpringApplicationShutdownHook.run(SpringApplicationShutdownHook.java:116) ~[spring-boot-3.5.9.jar:3.5.9]
	at java.base/java.lang.Thread.run(Thread.java:1583) ~[na:na]

2026-02-24T13:29:11.466-03:00  INFO 21984 --- [msavaliadorcredito] [SpringApplicationShutdownHook] com.netflix.discovery.DiscoveryClient    : Completed shut down of DiscoveryClient
